Jan 15 10:02:46 EliteBook-8-G1i kernel: Linux version 6.17.0-1009-oem (buildd@lcy02-amd64-099) (x86_64-linux-gnu-gcc-13 (Ubuntu 13.3.0-6ubuntu2~24.04) 13.3.0, GNU ld (GNU Binutils for Ubuntu) 2.42) #9-Ubuntu SMP PREEMPT_DYNAMIC Thu Dec 18 05:48:19 UTC 2025 (Ubuntu 6.17.0-1009.9-oem 6.17.2)
Jan 15 10:02:46 EliteBook-8-G1i kernel: Command line: BOOT_IMAGE=/boot/vmlinuz-6.17.0-1009-oem root=UUID=e5aa0206-39b5-4455-be2c-dd9a2189b815 ro quiet splash
Jan 15 10:02:46 EliteBook-8-G1i kernel: KERNEL supported cpus:
Jan 15 10:02:46 EliteBook-8-G1i kernel:   Intel GenuineIntel
Jan 15 10:02:46 EliteBook-8-G1i kernel:   AMD AuthenticAMD
Jan 15 10:02:46 EliteBook-8-G1i kernel:   Hygon HygonGenuine
Jan 15 10:02:46 EliteBook-8-G1i kernel:   Centaur CentaurHauls
Jan 15 10:02:46 EliteBook-8-G1i kernel:   zhaoxin   Shanghai  
Jan 15 10:02:46 EliteBook-8-G1i kernel: x86/CPU: Model not found in latest microcode list
Jan 15 10:02:46 EliteBook-8-G1i kernel: x86/split lock detection: #AC: crashing the kernel on kernel split_locks and warning on user-space split_locks
Jan 15 10:02:46 EliteBook-8-G1i kernel: BIOS-provided physical RAM map:
Jan 15 10:02:46 EliteBook-8-G1i kernel: BIOS-e820: [mem 0x0000000000000000-0x000000000009efff] usable
Jan 15 10:02:46 EliteBook-8-G1i kernel: BIOS-e820: [mem 0x000000000009f000-0x00000000000fffff] reserved
Jan 15 10:02:46 EliteBook-8-G1i kernel: BIOS-e820: [mem 0x0000000000100000-0x0000000063ce9fff] usable
Jan 15 10:02:46 EliteBook-8-G1i kernel: BIOS-e820: [mem 0x0000000063cea000-0x0000000069d4ffff] reserved
Jan 15 10:02:46 EliteBook-8-G1i kernel: BIOS-e820: [mem 0x0000000069d50000-0x0000000069f4ffff] ACPI NVS
Jan 15 10:02:46 EliteBook-8-G1i kernel: BIOS-e820: [mem 0x0000000069f50000-0x0000000069ffefff] ACPI data
Jan 15 10:02:46 EliteBook-8-G1i kernel: BIOS-e820: [mem 0x0000000069fff000-0x0000000069ffffff] usable
Jan 15 10:02:46 EliteBook-8-G1i kernel: BIOS-e820: [mem 0x000000006a000000-0x00000000807fffff] reserved
Jan 15 10:02:46 EliteBook-8-G1i kernel: BIOS-e820: [mem 0x00000000c0000000-0x00000000cfffffff] reserved
Jan 15 10:02:46 EliteBook-8-G1i kernel: BIOS-e820: [mem 0x00000000fed20000-0x00000000fed7ffff] reserved
Jan 15 10:02:46 EliteBook-8-G1i kernel: BIOS-e820: [mem 0x0000000100000000-0x00000001044fffff] reserved
Jan 15 10:02:46 EliteBook-8-G1i kernel: BIOS-e820: [mem 0x0000000104500000-0x000000087f7fffff] usable
Jan 15 10:02:46 EliteBook-8-G1i kernel: NX (Execute Disable) protection: active
Jan 15 10:02:46 EliteBook-8-G1i kernel: APIC: Static calls initialized
Jan 15 10:02:46 EliteBook-8-G1i kernel: efi: EFI v2.9 by HP
Jan 15 10:02:46 EliteBook-8-G1i kernel: efi: ACPI=0x69ffe000 ACPI 2.0=0x69ffe014 TPMFinalLog=0x69ef6000 SMBIOS=0x64457000 ESRT=0x644b5118 RTPROP=0x644b5798 MEMATTR=0x5ba7c018 MOKvar=0x6444c000 INITRD=0x5ba85518 RNG=0x69f7b018 TPMEventLog=0x69f6d018 
Jan 15 10:02:46 EliteBook-8-G1i kernel: random: crng init done
Jan 15 10:02:46 EliteBook-8-G1i kernel: efi: Remove mem450: MMIO range=[0xc0000000-0xcfffffff] (256MB) from e820 map
Jan 15 10:02:46 EliteBook-8-G1i kernel: e820: remove [mem 0xc0000000-0xcfffffff] reserved
Jan 15 10:02:46 EliteBook-8-G1i kernel: SMBIOS 3.8 present.
Jan 15 10:02:46 EliteBook-8-G1i kernel: DMI: HP HP EliteBook 8 G1i 16 inch Notebook Next Gen AI PC/8D8A, BIOS X91 Ver. 01.02.04 08/14/2025
Jan 15 10:02:46 EliteBook-8-G1i kernel: DMI: Memory slots populated: 8/8
Jan 15 10:02:46 EliteBook-8-G1i kernel: secureboot: Secure boot disabled
Jan 15 10:02:46 EliteBook-8-G1i kernel: tsc: Detected 3300.000 MHz processor
Jan 15 10:02:46 EliteBook-8-G1i kernel: tsc: Detected 3302.400 MHz TSC
Jan 15 10:02:46 EliteBook-8-G1i kernel: e820: update [mem 0x00000000-0x00000fff] usable ==> reserved
Jan 15 10:02:46 EliteBook-8-G1i kernel: e820: remove [mem 0x000a0000-0x000fffff] usable
Jan 15 10:02:46 EliteBook-8-G1i kernel: last_pfn = 0x87f800 max_arch_pfn = 0x400000000
Jan 15 10:02:46 EliteBook-8-G1i kernel: MTRR map: 6 entries (3 fixed + 3 variable; max 23), built from 10 variable MTRRs
Jan 15 10:02:46 EliteBook-8-G1i kernel: x86/PAT: Configuration [0-7]: WB  WC  UC- UC  WB  WP  UC- WT  
Jan 15 10:02:46 EliteBook-8-G1i kernel: x2apic: enabled by BIOS, switching to x2apic ops
Jan 15 10:02:46 EliteBook-8-G1i kernel: last_pfn = 0x6a000 max_arch_pfn = 0x400000000
Jan 15 10:02:46 EliteBook-8-G1i kernel: esrt: Reserving ESRT space from 0x00000000644b5118 to 0x00000000644b51f0.
Jan 15 10:02:46 EliteBook-8-G1i kernel: Using GB pages for direct mapping
Jan 15 10:02:46 EliteBook-8-G1i kernel: secureboot: Secure boot disabled
Jan 15 10:02:46 EliteBook-8-G1i kernel: RAMDISK: [mem 0x53cbb000-0x58c29fff]
Jan 15 10:02:46 EliteBook-8-G1i kernel: ACPI: Early table checksum verification disabled
Jan 15 10:02:46 EliteBook-8-G1i kernel: ACPI: RSDP 0x0000000069FFE014 000024 (v02 HPQOEM)
Jan 15 10:02:46 EliteBook-8-G1i kernel: ACPI: XSDT 0x0000000069F83228 0001A4 (v01 HPQOEM 8D8A     00000002 INTL 01000013)
Jan 15 10:02:46 EliteBook-8-G1i kernel: ACPI: FACP 0x0000000069FFD000 000114 (v06 HPQOEM 8D8A     00000002 INTL 01000013)
Jan 15 10:02:46 EliteBook-8-G1i kernel: ACPI: DSDT 0x0000000069F97000 02E97D (v02 HPQOEM 8D8A     00000000 INTL 20200717)
Jan 15 10:02:46 EliteBook-8-G1i kernel: ACPI: FACS 0x0000000069EC7000 000040
Jan 15 10:02:46 EliteBook-8-G1i kernel: ACPI: SSDT 0x0000000069FFC000 00011E (v02 INTEL  TxtSsdt  00001000 INTL 20200717)
Jan 15 10:02:46 EliteBook-8-G1i kernel: ACPI: SSDT 0x0000000069FFB000 0006EC (v02 PmRef  Cpu0Ist  00003000 INTL 20200717)
Jan 15 10:02:46 EliteBook-8-G1i kernel: ACPI: SSDT 0x0000000069FFA000 0005FB (v02 PmRef  Cpu0Hwp  00003000 INTL 20200717)
Jan 15 10:02:46 EliteBook-8-G1i kernel: ACPI: SSDT 0x0000000069FF9000 0001AB (v02 PmRef  Cpu0Psd  00003000 INTL 20200717)
Jan 15 10:02:46 EliteBook-8-G1i kernel: ACPI: SSDT 0x0000000069FF8000 000394 (v02 PmRef  Cpu0Cst  00003001 INTL 20200717)
Jan 15 10:02:46 EliteBook-8-G1i kernel: ACPI: SSDT 0x0000000069FF6000 001BAF (v02 PmRef  ApIst    00003000 INTL 20200717)
Jan 15 10:02:46 EliteBook-8-G1i kernel: ACPI: SSDT 0x0000000069FF4000 001620 (v02 PmRef  ApHwp    00003000 INTL 20200717)
Jan 15 10:02:46 EliteBook-8-G1i kernel: ACPI: SSDT 0x0000000069FF2000 001349 (v02 PmRef  ApPsd    00003000 INTL 20200717)
Jan 15 10:02:46 EliteBook-8-G1i kernel: ACPI: SSDT 0x0000000069FF1000 000FBB (v02 PmRef  ApCst    00003000 INTL 20200717)
Jan 15 10:02:46 EliteBook-8-G1i kernel: ACPI: SSDT 0x0000000069FED000 003BD7 (v02 CpuRef CpuSsdt  00003000 INTL 20200717)
Jan 15 10:02:46 EliteBook-8-G1i kernel: ACPI: DTPR 0x0000000069FEC000 000088 (v01                 00000000      00000000)
Jan 15 10:02:46 EliteBook-8-G1i kernel: ACPI: SSDT 0x0000000069FE4000 00788F (v02 HPQOEM PLT_RTD3 00001000 INTL 20200717)
Jan 15 10:02:46 EliteBook-8-G1i kernel: ACPI: SSDT 0x0000000069FE3000 000353 (v02 HP     NVTEC    00000001 INTL 20200717)
Jan 15 10:02:46 EliteBook-8-G1i kernel: ACPI: SSDT 0x0000000069FE2000 00013E (v02 HP     ShmTable 00000001 INTL 20200717)
Jan 15 10:02:46 EliteBook-8-G1i kernel: ACPI: RTMA 0x0000000069FE1000 00009E (v01 HP     _HBMART_ 00001000 HP   00000001)
Jan 15 10:02:46 EliteBook-8-G1i kernel: ACPI: SSDT 0x0000000069FDF000 001A39 (v02 HP     UcsiAcpi 00000001 INTL 20200717)
Jan 15 10:02:46 EliteBook-8-G1i kernel: ACPI: SSDT 0x0000000069FDE000 0000FB (v02 HP     UcsiCntr 00000001 INTL 20200717)
Jan 15 10:02:46 EliteBook-8-G1i kernel: ACPI: OEML 0x0000000069FDD000 000028 (v03 HPQOEM LNL      00000002 INTL 01000013)
Jan 15 10:02:46 EliteBook-8-G1i kernel: ACPI: SSDT 0x0000000069FDA000 0024C5 (v02 INTEL  IgfxSsdt 00003000 INTL 20200717)
Jan 15 10:02:46 EliteBook-8-G1i kernel: ACPI: SSDT 0x0000000069FD0000 009176 (v02 INTEL  TcssSsdt 00001000 INTL 20200717)
Jan 15 10:02:46 EliteBook-8-G1i kernel: ACPI: HPET 0x0000000069FCE000 000038 (v01 HPQOEM LNL      00000002 INTL 01000013)
Jan 15 10:02:46 EliteBook-8-G1i kernel: ACPI: WSMT 0x0000000069FCD000 000028 (v01 HPQOEM LNL      00000002 INTL 01000013)
Jan 15 10:02:46 EliteBook-8-G1i kernel: ACPI: APIC 0x0000000069FCC000 0000D8 (v06 HPQOEM LNL      00000000 INTL 01000013)
Jan 15 10:02:46 EliteBook-8-G1i kernel: ACPI: MCFG 0x0000000069FCB000 00003C (v01 HPQOEM LNL      00000002 INTL 01000013)
Jan 15 10:02:46 EliteBook-8-G1i kernel: ACPI: SSDT 0x0000000069FCA000 0006E3 (v02 INTEL  PepoSsdt 00001000 INTL 20200717)
Jan 15 10:02:46 EliteBook-8-G1i kernel: ACPI: SSDT 0x0000000069FC9000 0005FB (v02 HPQOEM Tpm2Tabl 00001000 INTL 20200717)
Jan 15 10:02:46 EliteBook-8-G1i kernel: ACPI: TPM2 0x0000000069FC8000 00004C (v04 HPQOEM LNL      00000002 INTL 01000013)
Jan 15 10:02:46 EliteBook-8-G1i kernel: ACPI: MSDM 0x0000000069FC7000 000055 (v03 HPQOEM SLIC-BPC 00000000 HP   00000001)
Jan 15 10:02:46 EliteBook-8-G1i kernel: ACPI: WSMT 0x0000000069FC6000 000028 (v01 HPQOEM 8D8A     00000001 HP   00000001)
Jan 15 10:02:46 EliteBook-8-G1i kernel: ACPI: SSDT 0x0000000069F96000 000673 (v02 HPQOEM HP_XHC_P 00000000 INTL 20200717)
Jan 15 10:02:46 EliteBook-8-G1i kernel: ACPI: LPIT 0x0000000069F95000 0000CC (v01 HPQOEM          00000000      00000000)
Jan 15 10:02:46 EliteBook-8-G1i kernel: ACPI: SSDT 0x0000000069F8F000 005AB9 (v02 DptfTb DptfTabl 00001000 INTL 20200717)
Jan 15 10:02:46 EliteBook-8-G1i kernel: ACPI: NHLT 0x0000000069F8E000 000960 (v00 HPQOEM LNL      00000002 INTL 01000013)
Jan 15 10:02:46 EliteBook-8-G1i kernel: ACPI: DMAR 0x0000000069F8D000 0000C0 (v01 HPQOEM LNL      00000002 INTL 01000013)
Jan 15 10:02:46 EliteBook-8-G1i kernel: ACPI: FPDT 0x0000000069F8C000 000044 (v01 HPQOEM LNL      00000002 INTL 01000013)
Jan 15 10:02:46 EliteBook-8-G1i kernel: ACPI: SSDT 0x0000000069F8A000 0013DB (v02 SocGpe SocGpe   00003000 INTL 20200717)
Jan 15 10:02:46 EliteBook-8-G1i kernel: ACPI: SSDT 0x0000000069F87000 002463 (v02 SocCmn SocCmn   00003000 INTL 20200717)
Jan 15 10:02:46 EliteBook-8-G1i kernel: ACPI: SSDT 0x0000000069F86000 000045 (v02 HP     HPNBCONV 00001000 INTL 20200717)
Jan 15 10:02:46 EliteBook-8-G1i kernel: ACPI: SSDT 0x0000000069F85000 000119 (v02 HP     HPINTELG 00001000 INTL 20200717)
Jan 15 10:02:46 EliteBook-8-G1i kernel: ACPI: SSDT 0x0000000069F84000 0005E5 (v02 HP     INTTPL   00001000 INTL 20200717)
Jan 15 10:02:46 EliteBook-8-G1i kernel: ACPI: SSDT 0x0000000069F81000 001019 (v02 HP     HPINT_WL 00001000 INTL 20200717)
Jan 15 10:02:46 EliteBook-8-G1i kernel: ACPI: SSDT 0x0000000069FCF000 000032 (v02 HP     HPCONDEV 00001000 INTL 20200717)
Jan 15 10:02:46 EliteBook-8-G1i kernel: ACPI: SSDT 0x0000000069F80000 000F3B (v02 HPQOEM HPPATT   00001000 INTL 20200717)
Jan 15 10:02:46 EliteBook-8-G1i kernel: ACPI: SSDT 0x0000000069F7F000 00004B (v01 HP     CAPAHWID 00001000 INTL 20200717)
Jan 15 10:02:46 EliteBook-8-G1i kernel: ACPI: BGRT 0x0000000069F7E000 000038 (v01 HPQOEM LNL      00000002 INTL 01000013)
Jan 15 10:02:46 EliteBook-8-G1i kernel: ACPI: PHAT 0x0000000069F7D000 0006C4 (v01 HPQOEM 8D8A     00000005 MSFT 0100000D)
Jan 15 10:02:46 EliteBook-8-G1i kernel: ACPI: OEM3 0x0000000069F7C000 0000BF (v01 HPQOEM LNL      00000001 HP   00000001)
Jan 15 10:02:46 EliteBook-8-G1i kernel: ACPI: Reserving FACP table memory at [mem 0x69ffd000-0x69ffd113]
Jan 15 10:02:46 EliteBook-8-G1i kernel: ACPI: Reserving DSDT table memory at [mem 0x69f97000-0x69fc597c]
Jan 15 10:02:46 EliteBook-8-G1i kernel: ACPI: Reserving FACS table memory at [mem 0x69ec7000-0x69ec703f]
Jan 15 10:02:46 EliteBook-8-G1i kernel: ACPI: Reserving SSDT table memory at [mem 0x69ffc000-0x69ffc11d]
Jan 15 10:02:46 EliteBook-8-G1i kernel: ACPI: Reserving SSDT table memory at [mem 0x69ffb000-0x69ffb6eb]
Jan 15 10:02:46 EliteBook-8-G1i kernel: ACPI: Reserving SSDT table memory at [mem 0x69ffa000-0x69ffa5fa]
Jan 15 10:02:46 EliteBook-8-G1i kernel: ACPI: Reserving SSDT table memory at [mem 0x69ff9000-0x69ff91aa]
Jan 15 10:02:46 EliteBook-8-G1i kernel: ACPI: Reserving SSDT table memory at [mem 0x69ff8000-0x69ff8393]
Jan 15 10:02:46 EliteBook-8-G1i kernel: ACPI: Reserving SSDT table memory at [mem 0x69ff6000-0x69ff7bae]
Jan 15 10:02:46 EliteBook-8-G1i kernel: ACPI: Reserving SSDT table memory at [mem 0x69ff4000-0x69ff561f]
Jan 15 10:02:46 EliteBook-8-G1i kernel: ACPI: Reserving SSDT table memory at [mem 0x69ff2000-0x69ff3348]
Jan 15 10:02:46 EliteBook-8-G1i kernel: ACPI: Reserving SSDT table memory at [mem 0x69ff1000-0x69ff1fba]
Jan 15 10:02:46 EliteBook-8-G1i kernel: ACPI: Reserving SSDT table memory at [mem 0x69fed000-0x69ff0bd6]
Jan 15 10:02:46 EliteBook-8-G1i kernel: ACPI: Reserving DTPR table memory at [mem 0x69fec000-0x69fec087]
Jan 15 10:02:46 EliteBook-8-G1i kernel: ACPI: Reserving SSDT table memory at [mem 0x69fe4000-0x69feb88e]
Jan 15 10:02:46 EliteBook-8-G1i kernel: ACPI: Reserving SSDT table memory at [mem 0x69fe3000-0x69fe3352]
Jan 15 10:02:46 EliteBook-8-G1i kernel: ACPI: Reserving SSDT table memory at [mem 0x69fe2000-0x69fe213d]
Jan 15 10:02:46 EliteBook-8-G1i kernel: ACPI: Reserving RTMA table memory at [mem 0x69fe1000-0x69fe109d]
Jan 15 10:02:46 EliteBook-8-G1i kernel: ACPI: Reserving SSDT table memory at [mem 0x69fdf000-0x69fe0a38]
Jan 15 10:02:46 EliteBook-8-G1i kernel: ACPI: Reserving SSDT table memory at [mem 0x69fde000-0x69fde0fa]
Jan 15 10:02:46 EliteBook-8-G1i kernel: ACPI: Reserving OEML table memory at [mem 0x69fdd000-0x69fdd027]
Jan 15 10:02:46 EliteBook-8-G1i kernel: ACPI: Reserving SSDT table memory at [mem 0x69fda000-0x69fdc4c4]
Jan 15 10:02:46 EliteBook-8-G1i kernel: ACPI: Reserving SSDT table memory at [mem 0x69fd0000-0x69fd9175]
Jan 15 10:02:46 EliteBook-8-G1i kernel: ACPI: Reserving HPET table memory at [mem 0x69fce000-0x69fce037]
Jan 15 10:02:46 EliteBook-8-G1i kernel: ACPI: Reserving WSMT table memory at [mem 0x69fcd000-0x69fcd027]
Jan 15 10:02:46 EliteBook-8-G1i kernel: ACPI: Reserving APIC table memory at [mem 0x69fcc000-0x69fcc0d7]
Jan 15 10:02:46 EliteBook-8-G1i kernel: ACPI: Reserving MCFG table memory at [mem 0x69fcb000-0x69fcb03b]
Jan 15 10:02:46 EliteBook-8-G1i kernel: ACPI: Reserving SSDT table memory at [mem 0x69fca000-0x69fca6e2]
Jan 15 10:02:46 EliteBook-8-G1i kernel: ACPI: Reserving SSDT table memory at [mem 0x69fc9000-0x69fc95fa]
Jan 15 10:02:46 EliteBook-8-G1i kernel: ACPI: Reserving TPM2 table memory at [mem 0x69fc8000-0x69fc804b]
Jan 15 10:02:46 EliteBook-8-G1i kernel: ACPI: Reserving MSDM table memory at [mem 0x69fc7000-0x69fc7054]
Jan 15 10:02:46 EliteBook-8-G1i kernel: ACPI: Reserving WSMT table memory at [mem 0x69fc6000-0x69fc6027]
Jan 15 10:02:46 EliteBook-8-G1i kernel: ACPI: Reserving SSDT table memory at [mem 0x69f96000-0x69f96672]
Jan 15 10:02:46 EliteBook-8-G1i kernel: ACPI: Reserving LPIT table memory at [mem 0x69f95000-0x69f950cb]
Jan 15 10:02:46 EliteBook-8-G1i kernel: ACPI: Reserving SSDT table memory at [mem 0x69f8f000-0x69f94ab8]
Jan 15 10:02:46 EliteBook-8-G1i kernel: ACPI: Reserving NHLT table memory at [mem 0x69f8e000-0x69f8e95f]
Jan 15 10:02:46 EliteBook-8-G1i kernel: ACPI: Reserving DMAR table memory at [mem 0x69f8d000-0x69f8d0bf]
Jan 15 10:02:46 EliteBook-8-G1i kernel: ACPI: Reserving FPDT table memory at [mem 0x69f8c000-0x69f8c043]
Jan 15 10:02:46 EliteBook-8-G1i kernel: ACPI: Reserving SSDT table memory at [mem 0x69f8a000-0x69f8b3da]
Jan 15 10:02:46 EliteBook-8-G1i kernel: ACPI: Reserving SSDT table memory at [mem 0x69f87000-0x69f89462]
Jan 15 10:02:46 EliteBook-8-G1i kernel: ACPI: Reserving SSDT table memory at [mem 0x69f86000-0x69f86044]
Jan 15 10:02:46 EliteBook-8-G1i kernel: ACPI: Reserving SSDT table memory at [mem 0x69f85000-0x69f85118]
Jan 15 10:02:46 EliteBook-8-G1i kernel: ACPI: Reserving SSDT table memory at [mem 0x69f84000-0x69f845e4]
Jan 15 10:02:46 EliteBook-8-G1i kernel: ACPI: Reserving SSDT table memory at [mem 0x69f81000-0x69f82018]
Jan 15 10:02:46 EliteBook-8-G1i kernel: ACPI: Reserving SSDT table memory at [mem 0x69fcf000-0x69fcf031]
Jan 15 10:02:46 EliteBook-8-G1i kernel: ACPI: Reserving SSDT table memory at [mem 0x69f80000-0x69f80f3a]
Jan 15 10:02:46 EliteBook-8-G1i kernel: ACPI: Reserving SSDT table memory at [mem 0x69f7f000-0x69f7f04a]
Jan 15 10:02:46 EliteBook-8-G1i kernel: ACPI: Reserving BGRT table memory at [mem 0x69f7e000-0x69f7e037]
Jan 15 10:02:46 EliteBook-8-G1i kernel: ACPI: Reserving PHAT table memory at [mem 0x69f7d000-0x69f7d6c3]
Jan 15 10:02:46 EliteBook-8-G1i kernel: ACPI: Reserving OEM3 table memory at [mem 0x69f7c000-0x69f7c0be]
Jan 15 10:02:46 EliteBook-8-G1i kernel: APIC: Switched APIC routing to: cluster x2apic
Jan 15 10:02:46 EliteBook-8-G1i kernel: No NUMA configuration found
Jan 15 10:02:46 EliteBook-8-G1i kernel: Faking a node at [mem 0x0000000000000000-0x000000087f7fffff]
Jan 15 10:02:46 EliteBook-8-G1i kernel: NODE_DATA(0) allocated [mem 0x87f7d32c0-0x87f7fdfff]
Jan 15 10:02:46 EliteBook-8-G1i kernel: Zone ranges:
Jan 15 10:02:46 EliteBook-8-G1i kernel:   DMA      [mem 0x0000000000001000-0x0000000000ffffff]
Jan 15 10:02:46 EliteBook-8-G1i kernel:   DMA32    [mem 0x0000000001000000-0x00000000ffffffff]
Jan 15 10:02:46 EliteBook-8-G1i kernel:   Normal   [mem 0x0000000100000000-0x000000087f7fffff]
Jan 15 10:02:46 EliteBook-8-G1i kernel:   Device   empty
Jan 15 10:02:46 EliteBook-8-G1i kernel: Movable zone start for each node
Jan 15 10:02:46 EliteBook-8-G1i kernel: Early memory node ranges
Jan 15 10:02:46 EliteBook-8-G1i kernel:   node   0: [mem 0x0000000000001000-0x000000000009efff]
Jan 15 10:02:46 EliteBook-8-G1i kernel:   node   0: [mem 0x0000000000100000-0x0000000063ce9fff]
Jan 15 10:02:46 EliteBook-8-G1i kernel:   node   0: [mem 0x0000000069fff000-0x0000000069ffffff]
Jan 15 10:02:46 EliteBook-8-G1i kernel:   node   0: [mem 0x0000000104500000-0x000000087f7fffff]
Jan 15 10:02:46 EliteBook-8-G1i kernel: Initmem setup node 0 [mem 0x0000000000001000-0x000000087f7fffff]
Jan 15 10:02:46 EliteBook-8-G1i kernel: On node 0, zone DMA: 1 pages in unavailable ranges
Jan 15 10:02:46 EliteBook-8-G1i kernel: On node 0, zone DMA: 97 pages in unavailable ranges
Jan 15 10:02:46 EliteBook-8-G1i kernel: On node 0, zone DMA32: 25365 pages in unavailable ranges
Jan 15 10:02:46 EliteBook-8-G1i kernel: On node 0, zone Normal: 42240 pages in unavailable ranges
Jan 15 10:02:46 EliteBook-8-G1i kernel: On node 0, zone Normal: 2048 pages in unavailable ranges
Jan 15 10:02:46 EliteBook-8-G1i kernel: ACPI: PM-Timer IO Port: 0x1808
Jan 15 10:02:46 EliteBook-8-G1i kernel: ACPI: X2APIC_NMI (uid[0xffffffff] high level lint[0x1])
Jan 15 10:02:46 EliteBook-8-G1i kernel: IOAPIC[0]: apic_id 2, version 32, address 0xfec00000, GSI 0-119
Jan 15 10:02:46 EliteBook-8-G1i kernel: ACPI: INT_SRC_OVR (bus 0 bus_irq 0 global_irq 2 dfl dfl)
Jan 15 10:02:46 EliteBook-8-G1i kernel: ACPI: INT_SRC_OVR (bus 0 bus_irq 9 global_irq 9 high level)
Jan 15 10:02:46 EliteBook-8-G1i kernel: ACPI: Using ACPI (MADT) for SMP configuration information
Jan 15 10:02:46 EliteBook-8-G1i kernel: ACPI: HPET id: 0x8086a701 base: 0xfed00000
Jan 15 10:02:46 EliteBook-8-G1i kernel: e820: update [mem 0x5b92b000-0x5ba15fff] usable ==> reserved
Jan 15 10:02:46 EliteBook-8-G1i kernel: TSC deadline timer available
Jan 15 10:02:46 EliteBook-8-G1i kernel: CPU topo: Max. logical packages:   1
Jan 15 10:02:46 EliteBook-8-G1i kernel: CPU topo: Max. logical dies:       1
Jan 15 10:02:46 EliteBook-8-G1i kernel: CPU topo: Max. dies per package:   1
Jan 15 10:02:46 EliteBook-8-G1i kernel: CPU topo: Max. threads per core:   1
Jan 15 10:02:46 EliteBook-8-G1i kernel: CPU topo: Num. cores per package:     8
Jan 15 10:02:46 EliteBook-8-G1i kernel: CPU topo: Num. threads per package:   8
Jan 15 10:02:46 EliteBook-8-G1i kernel: CPU topo: Allowing 8 present CPUs plus 0 hotplug CPUs
Jan 15 10:02:46 EliteBook-8-G1i kernel: PM: hibernation: Registered nosave memory: [mem 0x00000000-0x00000fff]
Jan 15 10:02:46 EliteBook-8-G1i kernel: PM: hibernation: Registered nosave memory: [mem 0x0009f000-0x000fffff]
Jan 15 10:02:46 EliteBook-8-G1i kernel: PM: hibernation: Registered nosave memory: [mem 0x5b92b000-0x5ba15fff]
Jan 15 10:02:46 EliteBook-8-G1i kernel: PM: hibernation: Registered nosave memory: [mem 0x63cea000-0x69ffefff]
Jan 15 10:02:46 EliteBook-8-G1i kernel: PM: hibernation: Registered nosave memory: [mem 0x6a000000-0x1044fffff]
Jan 15 10:02:46 EliteBook-8-G1i kernel: [mem 0x80800000-0xfed1ffff] available for PCI devices
Jan 15 10:02:46 EliteBook-8-G1i kernel: Booting paravirtualized kernel on bare hardware
Jan 15 10:02:46 EliteBook-8-G1i kernel: clocksource: refined-jiffies: mask: 0xffffffff max_cycles: 0xffffffff, max_idle_ns: 1910969940391419 ns
Jan 15 10:02:46 EliteBook-8-G1i kernel: setup_percpu: NR_CPUS:8192 nr_cpumask_bits:8 nr_cpu_ids:8 nr_node_ids:1
Jan 15 10:02:46 EliteBook-8-G1i kernel: percpu: Embedded 84 pages/cpu s221184 r8192 d114688 u524288
Jan 15 10:02:46 EliteBook-8-G1i kernel: pcpu-alloc: s221184 r8192 d114688 u524288 alloc=1*2097152
Jan 15 10:02:46 EliteBook-8-G1i kernel: pcpu-alloc: [0] 0 1 2 3 [0] 4 5 6 7 
Jan 15 10:02:46 EliteBook-8-G1i kernel: Kernel command line: BOOT_IMAGE=/boot/vmlinuz-6.17.0-1009-oem root=UUID=e5aa0206-39b5-4455-be2c-dd9a2189b815 ro quiet splash
Jan 15 10:02:46 EliteBook-8-G1i kernel: Unknown kernel command line parameters "splash BOOT_IMAGE=/boot/vmlinuz-6.17.0-1009-oem", will be passed to user space.
Jan 15 10:02:46 EliteBook-8-G1i kernel: printk: log buffer data + meta data: 262144 + 917504 = 1179648 bytes
Jan 15 10:02:46 EliteBook-8-G1i kernel: Dentry cache hash table entries: 4194304 (order: 13, 33554432 bytes, linear)
Jan 15 10:02:46 EliteBook-8-G1i kernel: Inode-cache hash table entries: 2097152 (order: 12, 16777216 bytes, linear)
Jan 15 10:02:46 EliteBook-8-G1i kernel: software IO TLB: area num 8.
Jan 15 10:02:46 EliteBook-8-G1i kernel: Fallback order for Node 0: 0 
Jan 15 10:02:46 EliteBook-8-G1i kernel: Built 1 zonelists, mobility grouping on.  Total pages: 8253321
Jan 15 10:02:46 EliteBook-8-G1i kernel: Policy zone: Normal
Jan 15 10:02:46 EliteBook-8-G1i kernel: mem auto-init: stack:all(zero), heap alloc:on, heap free:off
Jan 15 10:02:46 EliteBook-8-G1i kernel: SLUB: HWalign=64, Order=0-3, MinObjects=0, CPUs=8, Nodes=1
Jan 15 10:02:46 EliteBook-8-G1i kernel: ftrace: allocating 61155 entries in 240 pages
Jan 15 10:02:46 EliteBook-8-G1i kernel: ftrace: allocated 240 pages with 4 groups
Jan 15 10:02:46 EliteBook-8-G1i kernel: Dynamic Preempt: voluntary
Jan 15 10:02:46 EliteBook-8-G1i kernel: rcu: Preemptible hierarchical RCU implementation.
Jan 15 10:02:46 EliteBook-8-G1i kernel: rcu:         RCU restricting CPUs from NR_CPUS=8192 to nr_cpu_ids=8.
Jan 15 10:02:46 EliteBook-8-G1i kernel:         Trampoline variant of Tasks RCU enabled.
Jan 15 10:02:46 EliteBook-8-G1i kernel:         Rude variant of Tasks RCU enabled.
Jan 15 10:02:46 EliteBook-8-G1i kernel:         Tracing variant of Tasks RCU enabled.
Jan 15 10:02:46 EliteBook-8-G1i kernel: rcu: RCU calculated value of scheduler-enlistment delay is 100 jiffies.
Jan 15 10:02:46 EliteBook-8-G1i kernel: rcu: Adjusting geometry for rcu_fanout_leaf=16, nr_cpu_ids=8
Jan 15 10:02:46 EliteBook-8-G1i kernel: RCU Tasks: Setting shift to 3 and lim to 1 rcu_task_cb_adjust=1 rcu_task_cpu_ids=8.
Jan 15 10:02:46 EliteBook-8-G1i kernel: RCU Tasks Rude: Setting shift to 3 and lim to 1 rcu_task_cb_adjust=1 rcu_task_cpu_ids=8.
Jan 15 10:02:46 EliteBook-8-G1i kernel: RCU Tasks Trace: Setting shift to 3 and lim to 1 rcu_task_cb_adjust=1 rcu_task_cpu_ids=8.
Jan 15 10:02:46 EliteBook-8-G1i kernel: NR_IRQS: 524544, nr_irqs: 2048, preallocated irqs: 16
Jan 15 10:02:46 EliteBook-8-G1i kernel: rcu: srcu_init: Setting srcu_struct sizes based on contention.
Jan 15 10:02:46 EliteBook-8-G1i kernel: Console: colour dummy device 80x25
Jan 15 10:02:46 EliteBook-8-G1i kernel: printk: legacy console [tty0] enabled
Jan 15 10:02:46 EliteBook-8-G1i kernel: ACPI: Core revision 20250404
Jan 15 10:02:46 EliteBook-8-G1i kernel: hpet: HPET dysfunctional in PC10. Force disabled.
Jan 15 10:02:46 EliteBook-8-G1i kernel: APIC: Switch to symmetric I/O mode setup
Jan 15 10:02:46 EliteBook-8-G1i kernel: DMAR: Host address width 38
Jan 15 10:02:46 EliteBook-8-G1i kernel: DMAR: DRHD base: 0x000000fc800000 flags: 0x0
Jan 15 10:02:46 EliteBook-8-G1i kernel: DMAR: dmar0: reg_base_addr fc800000 ver 7:1 cap e9de008cee690402 ecap 1aca9a00f0ef5e
Jan 15 10:02:46 EliteBook-8-G1i kernel: DMAR: DRHD base: 0x000000fc810000 flags: 0x0
Jan 15 10:02:46 EliteBook-8-G1i kernel: DMAR: dmar1: reg_base_addr fc810000 ver 7:1 cap e9de008cee690402 ecap 1aca9a00f0ef5e
Jan 15 10:02:46 EliteBook-8-G1i kernel: DMAR: DRHD base: 0x000000fc820000 flags: 0x1
Jan 15 10:02:46 EliteBook-8-G1i kernel: DMAR: dmar2: reg_base_addr fc820000 ver 7:1 cap e9de008cee690402 ecap 1ac89800f0efda
Jan 15 10:02:46 EliteBook-8-G1i kernel: DMAR: SATC flags: 0x1
Jan 15 10:02:46 EliteBook-8-G1i kernel: DMAR-IR: IOAPIC id 2 under DRHD base  0xfc820000 IOMMU 2
Jan 15 10:02:46 EliteBook-8-G1i kernel: DMAR-IR: HPET id 0 under DRHD base 0xfc820000
Jan 15 10:02:46 EliteBook-8-G1i kernel: DMAR-IR: Queued invalidation will be enabled to support x2apic and Intr-remapping.
Jan 15 10:02:46 EliteBook-8-G1i kernel: DMAR-IR: Enabled IRQ remapping in x2apic mode
Jan 15 10:02:46 EliteBook-8-G1i kernel: clocksource: tsc-early: mask: 0xffffffffffffffff max_cycles: 0x2f9a2767029, max_idle_ns: 440795219692 ns
Jan 15 10:02:46 EliteBook-8-G1i kernel: Calibrating delay loop (skipped), value calculated using timer frequency.. 6604.80 BogoMIPS (lpj=3302400)
Jan 15 10:02:46 EliteBook-8-G1i kernel: CPU0: Thermal monitoring enabled (TM1)
Jan 15 10:02:46 EliteBook-8-G1i kernel: x86/cpu: User Mode Instruction Prevention (UMIP) activated
Jan 15 10:02:46 EliteBook-8-G1i kernel: Last level iTLB entries: 4KB 0, 2MB 0, 4MB 0
Jan 15 10:02:46 EliteBook-8-G1i kernel: Last level dTLB entries: 4KB 0, 2MB 0, 4MB 0, 1GB 0
Jan 15 10:02:46 EliteBook-8-G1i kernel: mitigations: Enabled attack vectors: user_kernel, user_user, guest_host, guest_guest, SMT mitigations: auto
Jan 15 10:02:46 EliteBook-8-G1i kernel: Speculative Store Bypass: Mitigation: Speculative Store Bypass disabled via prctl
Jan 15 10:02:46 EliteBook-8-G1i kernel: Spectre V2 : Mitigation: Enhanced / Automatic IBRS
Jan 15 10:02:46 EliteBook-8-G1i kernel: VMSCAPE: Mitigation: IBPB before exit to userspace
Jan 15 10:02:46 EliteBook-8-G1i kernel: Spectre V1 : Mitigation: usercopy/swapgs barriers and __user pointer sanitization
Jan 15 10:02:46 EliteBook-8-G1i kernel: Spectre V2 : mitigation: Enabling conditional Indirect Branch Prediction Barrier
Jan 15 10:02:46 EliteBook-8-G1i kernel: x86/fpu: Supporting XSAVE feature 0x001: 'x87 floating point registers'
Jan 15 10:02:46 EliteBook-8-G1i kernel: x86/fpu: Supporting XSAVE feature 0x002: 'SSE registers'
Jan 15 10:02:46 EliteBook-8-G1i kernel: x86/fpu: Supporting XSAVE feature 0x004: 'AVX registers'
Jan 15 10:02:46 EliteBook-8-G1i kernel: x86/fpu: Supporting XSAVE feature 0x200: 'Protection Keys User registers'
Jan 15 10:02:46 EliteBook-8-G1i kernel: x86/fpu: Supporting XSAVE feature 0x800: 'Control-flow User registers'
Jan 15 10:02:46 EliteBook-8-G1i kernel: x86/fpu: Supporting XSAVE feature 0x1000: 'Control-flow Kernel registers (KVM only)'
Jan 15 10:02:46 EliteBook-8-G1i kernel: x86/fpu: xstate_offset[2]:  576, xstate_sizes[2]:  256
Jan 15 10:02:46 EliteBook-8-G1i kernel: x86/fpu: xstate_offset[9]:  832, xstate_sizes[9]:    8
Jan 15 10:02:46 EliteBook-8-G1i kernel: x86/fpu: xstate_offset[11]:  840, xstate_sizes[11]:   16
Jan 15 10:02:46 EliteBook-8-G1i kernel: x86/fpu: xstate_offset[12]:  856, xstate_sizes[12]:   24
Jan 15 10:02:46 EliteBook-8-G1i kernel: x86/fpu: Enabled xstate features 0x1a07, context size is 880 bytes, using 'compacted' format.
Jan 15 10:02:46 EliteBook-8-G1i kernel: Freeing SMP alternatives memory: 52K
Jan 15 10:02:46 EliteBook-8-G1i kernel: pid_max: default: 32768 minimum: 301
Jan 15 10:02:46 EliteBook-8-G1i kernel: LSM: initializing lsm=lockdown,capability,landlock,yama,apparmor,ima,evm
Jan 15 10:02:46 EliteBook-8-G1i kernel: landlock: Up and running.
Jan 15 10:02:46 EliteBook-8-G1i kernel: Yama: becoming mindful.
Jan 15 10:02:46 EliteBook-8-G1i kernel: AppArmor: AppArmor initialized
Jan 15 10:02:46 EliteBook-8-G1i kernel: Mount-cache hash table entries: 65536 (order: 7, 524288 bytes, linear)
Jan 15 10:02:46 EliteBook-8-G1i kernel: Mountpoint-cache hash table entries: 65536 (order: 7, 524288 bytes, linear)
Jan 15 10:02:46 EliteBook-8-G1i kernel: smpboot: CPU0: Intel(R) Core(TM) Ultra 7 258V (family: 0x6, model: 0xbd, stepping: 0x1)
Jan 15 10:02:46 EliteBook-8-G1i kernel: Performance Events: XSAVE Architectural LBR, PEBS fmt6+-baseline,  AnyThread deprecated, Lunarlake Hybrid events, 32-deep LBR, full-width counters, Intel PMU driver.
Jan 15 10:02:46 EliteBook-8-G1i kernel: core: cpu_core PMU driver: 
Jan 15 10:02:46 EliteBook-8-G1i kernel: ... version:                6
Jan 15 10:02:46 EliteBook-8-G1i kernel: ... bit width:              48
Jan 15 10:02:46 EliteBook-8-G1i kernel: ... generic registers:      10
Jan 15 10:02:46 EliteBook-8-G1i kernel: ... value mask:             0000ffffffffffff
Jan 15 10:02:46 EliteBook-8-G1i kernel: ... max period:             00007fffffffffff
Jan 15 10:02:46 EliteBook-8-G1i kernel: ... fixed-purpose events:   4
Jan 15 10:02:46 EliteBook-8-G1i kernel: ... event mask:             0001000f000003ff
Jan 15 10:02:46 EliteBook-8-G1i kernel: signal: max sigframe size: 3632
Jan 15 10:02:46 EliteBook-8-G1i kernel: Estimated ratio of average max frequency by base frequency (times 1024): 1303
Jan 15 10:02:46 EliteBook-8-G1i kernel: rcu: Hierarchical SRCU implementation.
Jan 15 10:02:46 EliteBook-8-G1i kernel: rcu:         Max phase no-delay instances is 400.
Jan 15 10:02:46 EliteBook-8-G1i kernel: Timer migration: 1 hierarchy levels; 8 children per group; 1 crossnode level
Jan 15 10:02:46 EliteBook-8-G1i kernel: NMI watchdog: Enabled. Permanently consumes one hw-PMU counter.
Jan 15 10:02:46 EliteBook-8-G1i kernel: smp: Bringing up secondary CPUs ...
Jan 15 10:02:46 EliteBook-8-G1i kernel: smpboot: x86: Booting SMP configuration:
Jan 15 10:02:46 EliteBook-8-G1i kernel: .... node  #0, CPUs:      #1 #2 #3 #4 #5 #6 #7
Jan 15 10:02:46 EliteBook-8-G1i kernel: core: cpu_atom PMU driver: 
Jan 15 10:02:46 EliteBook-8-G1i kernel: ... version:                6
Jan 15 10:02:46 EliteBook-8-G1i kernel: ... bit width:              48
Jan 15 10:02:46 EliteBook-8-G1i kernel: ... generic registers:      8
Jan 15 10:02:46 EliteBook-8-G1i kernel: ... value mask:             0000ffffffffffff
Jan 15 10:02:46 EliteBook-8-G1i kernel: ... max period:             00007fffffffffff
Jan 15 10:02:46 EliteBook-8-G1i kernel: ... fixed-purpose events:   6
Jan 15 10:02:46 EliteBook-8-G1i kernel: ... event mask:             00000077000000ff
Jan 15 10:02:46 EliteBook-8-G1i kernel: smp: Brought up 1 node, 8 CPUs
Jan 15 10:02:46 EliteBook-8-G1i kernel: smpboot: Total of 8 processors activated (52838.40 BogoMIPS)
Jan 15 10:02:46 EliteBook-8-G1i kernel: Memory: 32215356K/33013284K available (22029K kernel code, 4627K rwdata, 15412K rodata, 5240K init, 4264K bss, 774864K reserved, 0K cma-reserved)
Jan 15 10:02:46 EliteBook-8-G1i kernel: devtmpfs: initialized
Jan 15 10:02:46 EliteBook-8-G1i kernel: x86/mm: Memory block size: 128MB
Jan 15 10:02:46 EliteBook-8-G1i kernel: ACPI: PM: Registering ACPI NVS region [mem 0x69d50000-0x69f4ffff] (2097152 bytes)
Jan 15 10:02:46 EliteBook-8-G1i kernel: clocksource: jiffies: mask: 0xffffffff max_cycles: 0xffffffff, max_idle_ns: 1911260446275000 ns
Jan 15 10:02:46 EliteBook-8-G1i kernel: posixtimers hash table entries: 4096 (order: 4, 65536 bytes, linear)
Jan 15 10:02:46 EliteBook-8-G1i kernel: futex hash table entries: 2048 (131072 bytes on 1 NUMA nodes, total 128 KiB, linear).
Jan 15 10:02:46 EliteBook-8-G1i kernel: pinctrl core: initialized pinctrl subsystem
Jan 15 10:02:46 EliteBook-8-G1i kernel: PM: RTC time: 18:02:43, date: 2026-01-15
Jan 15 10:02:46 EliteBook-8-G1i kernel: NET: Registered PF_NETLINK/PF_ROUTE protocol family
Jan 15 10:02:46 EliteBook-8-G1i kernel: DMA: preallocated 4096 KiB GFP_KERNEL pool for atomic allocations
Jan 15 10:02:46 EliteBook-8-G1i kernel: DMA: preallocated 4096 KiB GFP_KERNEL|GFP_DMA pool for atomic allocations
Jan 15 10:02:46 EliteBook-8-G1i kernel: DMA: preallocated 4096 KiB GFP_KERNEL|GFP_DMA32 pool for atomic allocations
Jan 15 10:02:46 EliteBook-8-G1i kernel: audit: initializing netlink subsys (disabled)
Jan 15 10:02:46 EliteBook-8-G1i kernel: audit: type=2000 audit(1768500163.011:1): state=initialized audit_enabled=0 res=1
Jan 15 10:02:46 EliteBook-8-G1i kernel: thermal_sys: Registered thermal governor 'fair_share'
Jan 15 10:02:46 EliteBook-8-G1i kernel: thermal_sys: Registered thermal governor 'bang_bang'
Jan 15 10:02:46 EliteBook-8-G1i kernel: thermal_sys: Registered thermal governor 'step_wise'
Jan 15 10:02:46 EliteBook-8-G1i kernel: thermal_sys: Registered thermal governor 'user_space'
Jan 15 10:02:46 EliteBook-8-G1i kernel: thermal_sys: Registered thermal governor 'power_allocator'
Jan 15 10:02:46 EliteBook-8-G1i kernel: cpuidle: using governor ladder
Jan 15 10:02:46 EliteBook-8-G1i kernel: cpuidle: using governor menu
Jan 15 10:02:46 EliteBook-8-G1i kernel: acpiphp: ACPI Hot Plug PCI Controller Driver version: 0.5
Jan 15 10:02:46 EliteBook-8-G1i kernel: PCI: ECAM [mem 0xc0000000-0xcfffffff] (base 0xc0000000) for domain 0000 [bus 00-ff]
Jan 15 10:02:46 EliteBook-8-G1i kernel: PCI: Using configuration type 1 for base access
Jan 15 10:02:46 EliteBook-8-G1i kernel: kprobes: kprobe jump-optimization is enabled. All kprobes are optimized if possible.
Jan 15 10:02:46 EliteBook-8-G1i kernel: HugeTLB: allocation took 0ms with hugepage_allocation_threads=2
Jan 15 10:02:46 EliteBook-8-G1i kernel: HugeTLB: registered 1.00 GiB page size, pre-allocated 0 pages
Jan 15 10:02:46 EliteBook-8-G1i kernel: HugeTLB: 16380 KiB vmemmap can be freed for a 1.00 GiB page
Jan 15 10:02:46 EliteBook-8-G1i kernel: HugeTLB: registered 2.00 MiB page size, pre-allocated 0 pages
Jan 15 10:02:46 EliteBook-8-G1i kernel: HugeTLB: 28 KiB vmemmap can be freed for a 2.00 MiB page
Jan 15 10:02:46 EliteBook-8-G1i kernel: ACPI: Added _OSI(Module Device)
Jan 15 10:02:46 EliteBook-8-G1i kernel: ACPI: Added _OSI(Processor Device)
Jan 15 10:02:46 EliteBook-8-G1i kernel: ACPI: Added _OSI(Processor Aggregator Device)
Jan 15 10:02:46 EliteBook-8-G1i kernel: ACPI: 31 ACPI AML tables successfully acquired and loaded
Jan 15 10:02:46 EliteBook-8-G1i kernel: ACPI: USB4 _OSC: OS supports USB3+ DisplayPort+ PCIe+ XDomain+
Jan 15 10:02:46 EliteBook-8-G1i kernel: ACPI: USB4 _OSC: OS controls USB3+ DisplayPort+ PCIe+ XDomain+
Jan 15 10:02:46 EliteBook-8-G1i kernel: ACPI: EC: EC started
Jan 15 10:02:46 EliteBook-8-G1i kernel: ACPI: EC: interrupt blocked
Jan 15 10:02:46 EliteBook-8-G1i kernel: ACPI: [Firmware Bug]: BIOS _OSI(Linux) query ignored
Jan 15 10:02:46 EliteBook-8-G1i kernel: ACPI: EC: EC_CMD/EC_SC=0x66, EC_DATA=0x62
Jan 15 10:02:46 EliteBook-8-G1i kernel: ACPI: \_SB_.PC00.LPCB.EC0_: Boot DSDT EC used to handle transactions
Jan 15 10:02:46 EliteBook-8-G1i kernel: ACPI: Interpreter enabled
Jan 15 10:02:46 EliteBook-8-G1i kernel: ACPI: PM: (supports S0 S4 S5)
Jan 15 10:02:46 EliteBook-8-G1i kernel: ACPI: Using IOAPIC for interrupt routing
Jan 15 10:02:46 EliteBook-8-G1i kernel: PCI: Using host bridge windows from ACPI; if necessary, use "pci=nocrs" and report a bug
Jan 15 10:02:46 EliteBook-8-G1i kernel: PCI: Ignoring E820 reservations for host bridge windows
Jan 15 10:02:46 EliteBook-8-G1i kernel: ACPI: Enabled 10 GPEs in block 00 to 7F
Jan 15 10:02:46 EliteBook-8-G1i kernel: ACPI: Enabled 13 GPEs in block 80 to DF
Jan 15 10:02:46 EliteBook-8-G1i kernel: ACPI: \_SB_.PC00.CNVW.WRST: New power resource
Jan 15 10:02:46 EliteBook-8-G1i kernel: ACPI: \_SB_.PC00.BTPC.WRST: New power resource
Jan 15 10:02:46 EliteBook-8-G1i kernel: ACPI: \_SB_.PC00.RP03.RAPR: New power resource
Jan 15 10:02:46 EliteBook-8-G1i kernel: ACPI: \_SB_.PC00.TBT0: New power resource
Jan 15 10:02:46 EliteBook-8-G1i kernel: ACPI: \_SB_.PC00.TBT1: New power resource
Jan 15 10:02:46 EliteBook-8-G1i kernel: ACPI: \_SB_.PC00.D3C_: New power resource
Jan 15 10:02:46 EliteBook-8-G1i kernel: ACPI: \: Can't tag data node
Jan 15 10:02:46 EliteBook-8-G1i kernel: ACPI: \: Can't tag data node
Jan 15 10:02:46 EliteBook-8-G1i kernel: ACPI: \: Can't tag data node
Jan 15 10:02:46 EliteBook-8-G1i kernel: ACPI: \: Can't tag data node
Jan 15 10:02:46 EliteBook-8-G1i kernel: ACPI: \: Can't tag data node
Jan 15 10:02:46 EliteBook-8-G1i kernel: ACPI: \PIN_: New power resource
Jan 15 10:02:46 EliteBook-8-G1i kernel: ACPI: PCI Root Bridge [PC00] (domain 0000 [bus 00-fe])
Jan 15 10:02:46 EliteBook-8-G1i kernel: acpi PNP0A08:00: _OSC: OS supports [ExtendedConfig ASPM ClockPM Segments MSI EDR HPX-Type3]
Jan 15 10:02:46 EliteBook-8-G1i kernel: acpi PNP0A08:00: _OSC: OS now controls [PCIeHotplug SHPCHotplug PME AER PCIeCapability LTR DPC]
Jan 15 10:02:46 EliteBook-8-G1i kernel: PCI host bridge to bus 0000:00
Jan 15 10:02:46 EliteBook-8-G1i kernel: pci_bus 0000:00: root bus resource [io  0x0000-0x0cf7 window]
Jan 15 10:02:46 EliteBook-8-G1i kernel: pci_bus 0000:00: root bus resource [io  0x0d00-0xffff window]
Jan 15 10:02:46 EliteBook-8-G1i kernel: pci_bus 0000:00: root bus resource [mem 0x000a0000-0x000bffff window]
Jan 15 10:02:46 EliteBook-8-G1i kernel: pci_bus 0000:00: root bus resource [mem 0x80800000-0xbfffffff window]
Jan 15 10:02:46 EliteBook-8-G1i kernel: pci_bus 0000:00: root bus resource [mem 0x2000000000-0x3fbfffffff window]
Jan 15 10:02:46 EliteBook-8-G1i kernel: pci_bus 0000:00: root bus resource [bus 00-fe]
Jan 15 10:02:46 EliteBook-8-G1i kernel: pci 0000:00:00.0: [8086:6400] type 00 class 0x060000 conventional PCI endpoint
Jan 15 10:02:46 EliteBook-8-G1i kernel: pci 0000:00:02.0: [8086:64a0] type 00 class 0x030000 PCIe Root Complex Integrated Endpoint
Jan 15 10:02:46 EliteBook-8-G1i kernel: pci 0000:00:02.0: BAR 0 [mem 0x3012000000-0x3012ffffff 64bit pref]
Jan 15 10:02:46 EliteBook-8-G1i kernel: pci 0000:00:02.0: BAR 2 [mem 0x2000000000-0x200fffffff 64bit pref]
Jan 15 10:02:46 EliteBook-8-G1i kernel: pci 0000:00:02.0: ROM [mem 0xffe00000-0xffffffff pref]
Jan 15 10:02:46 EliteBook-8-G1i kernel: pci 0000:00:02.0: Video device with shadowed ROM at [mem 0x000c0000-0x000dffff]
Jan 15 10:02:46 EliteBook-8-G1i kernel: pci 0000:00:04.0: [8086:641d] type 00 class 0x118000 conventional PCI endpoint
Jan 15 10:02:46 EliteBook-8-G1i kernel: pci 0000:00:04.0: BAR 0 [mem 0x30132c0000-0x30132dffff 64bit]
Jan 15 10:02:46 EliteBook-8-G1i kernel: pci 0000:00:07.0: [8086:a84e] type 01 class 0x060400 PCIe Root Port
Jan 15 10:02:46 EliteBook-8-G1i kernel: pci 0000:00:07.0: PCI bridge to [bus 01-2a]
Jan 15 10:02:46 EliteBook-8-G1i kernel: pci 0000:00:07.0:   bridge window [mem 0x88000000-0x8dffffff]
Jan 15 10:02:46 EliteBook-8-G1i kernel: pci 0000:00:07.0:   bridge window [mem 0x2010000000-0x280fffffff 64bit pref]
Jan 15 10:02:46 EliteBook-8-G1i kernel: pci 0000:00:07.0: PME# supported from D0 D3hot D3cold
Jan 15 10:02:46 EliteBook-8-G1i kernel: pci 0000:00:07.0: PTM enabled (root), 4ns granularity
Jan 15 10:02:46 EliteBook-8-G1i kernel: pci 0000:00:07.1: [8086:a84f] type 01 class 0x060400 PCIe Root Port
Jan 15 10:02:46 EliteBook-8-G1i kernel: pci 0000:00:07.1: PCI bridge to [bus 2b-54]
Jan 15 10:02:46 EliteBook-8-G1i kernel: pci 0000:00:07.1:   bridge window [mem 0x82000000-0x87ffffff]
Jan 15 10:02:46 EliteBook-8-G1i kernel: pci 0000:00:07.1:   bridge window [mem 0x2810000000-0x300fffffff 64bit pref]
Jan 15 10:02:46 EliteBook-8-G1i kernel: pci 0000:00:07.1: PME# supported from D0 D3hot D3cold
Jan 15 10:02:46 EliteBook-8-G1i kernel: pci 0000:00:07.1: PTM enabled (root), 4ns granularity
Jan 15 10:02:46 EliteBook-8-G1i kernel: pci 0000:00:0a.0: [8086:647d] type 00 class 0x118000 PCIe Root Complex Integrated Endpoint
Jan 15 10:02:46 EliteBook-8-G1i kernel: pci 0000:00:0a.0: BAR 0 [mem 0x3013310000-0x301331ffff 64bit]
Jan 15 10:02:46 EliteBook-8-G1i kernel: pci 0000:00:0a.0: enabling Extended Tags
Jan 15 10:02:46 EliteBook-8-G1i kernel: pci 0000:00:0b.0: [8086:643e] type 00 class 0x120000 PCIe Root Complex Integrated Endpoint
Jan 15 10:02:46 EliteBook-8-G1i kernel: pci 0000:00:0b.0: BAR 0 [mem 0x3010000000-0x3011ffffff 64bit]
Jan 15 10:02:46 EliteBook-8-G1i kernel: pci 0000:00:0b.0: BAR 4 [mem 0x3013339000-0x3013339fff 64bit]
Jan 15 10:02:46 EliteBook-8-G1i kernel: pci 0000:00:0d.0: [8086:a831] type 00 class 0x0c0330 conventional PCI endpoint
Jan 15 10:02:46 EliteBook-8-G1i kernel: pci 0000:00:0d.0: BAR 0 [mem 0x3013300000-0x301330ffff 64bit]
Jan 15 10:02:46 EliteBook-8-G1i kernel: pci 0000:00:0d.0: PME# supported from D3hot D3cold
Jan 15 10:02:46 EliteBook-8-G1i kernel: pci 0000:00:0d.2: [8086:a833] type 00 class 0x0c0340 conventional PCI endpoint
Jan 15 10:02:46 EliteBook-8-G1i kernel: pci 0000:00:0d.2: BAR 0 [mem 0x3013280000-0x30132bffff 64bit]
Jan 15 10:02:46 EliteBook-8-G1i kernel: pci 0000:00:0d.2: BAR 2 [mem 0x3013338000-0x3013338fff 64bit]
Jan 15 10:02:46 EliteBook-8-G1i kernel: pci 0000:00:0d.2: supports D1 D2
Jan 15 10:02:46 EliteBook-8-G1i kernel: pci 0000:00:0d.2: PME# supported from D0 D1 D2 D3hot D3cold
Jan 15 10:02:46 EliteBook-8-G1i kernel: pci 0000:00:12.0: [8086:a845] type 00 class 0x070000 conventional PCI endpoint
Jan 15 10:02:46 EliteBook-8-G1i kernel: pci 0000:00:12.0: BAR 0 [mem 0x30132f0000-0x30132fffff 64bit]
Jan 15 10:02:46 EliteBook-8-G1i kernel: pci 0000:00:12.0: PME# supported from D0 D3hot
Jan 15 10:02:46 EliteBook-8-G1i kernel: pci 0000:00:13.0: [8086:a862] type 00 class 0x078000 conventional PCI endpoint
Jan 15 10:02:46 EliteBook-8-G1i kernel: pci 0000:00:13.0: BAR 0 [mem 0x3013337000-0x3013337fff 64bit]
Jan 15 10:02:46 EliteBook-8-G1i kernel: pci 0000:00:13.0: PME# supported from D3hot
Jan 15 10:02:46 EliteBook-8-G1i kernel: pci 0000:00:14.0: [8086:a87d] type 00 class 0x0c0330 conventional PCI endpoint
Jan 15 10:02:46 EliteBook-8-G1i kernel: pci 0000:00:14.0: BAR 0 [mem 0x30132e0000-0x30132effff 64bit]
Jan 15 10:02:46 EliteBook-8-G1i kernel: pci 0000:00:14.0: PME# supported from D3hot D3cold
Jan 15 10:02:46 EliteBook-8-G1i kernel: pci 0000:00:14.2: [8086:a87f] type 00 class 0x050000 conventional PCI endpoint
Jan 15 10:02:46 EliteBook-8-G1i kernel: pci 0000:00:14.2: BAR 0 [mem 0x3013320000-0x3013327fff 64bit]
Jan 15 10:02:46 EliteBook-8-G1i kernel: pci 0000:00:14.2: BAR 2 [mem 0x3013336000-0x3013336fff 64bit]
Jan 15 10:02:46 EliteBook-8-G1i kernel: pci 0000:00:14.3: [8086:a840] type 00 class 0x028000 PCIe Root Complex Integrated Endpoint
Jan 15 10:02:46 EliteBook-8-G1i kernel: pci 0000:00:14.3: BAR 0 [mem 0x301332c000-0x301332ffff 64bit]
Jan 15 10:02:46 EliteBook-8-G1i kernel: pci 0000:00:14.3: enabling Extended Tags
Jan 15 10:02:46 EliteBook-8-G1i kernel: pci 0000:00:14.3: PME# supported from D0 D3hot D3cold
Jan 15 10:02:46 EliteBook-8-G1i kernel: pci 0000:00:14.7: [8086:a876] type 00 class 0x0d1100 PCIe Root Complex Integrated Endpoint
Jan 15 10:02:46 EliteBook-8-G1i kernel: pci 0000:00:14.7: BAR 0 [mem 0x3013328000-0x301332bfff 64bit]
Jan 15 10:02:46 EliteBook-8-G1i kernel: pci 0000:00:14.7: enabling Extended Tags
Jan 15 10:02:46 EliteBook-8-G1i kernel: pci 0000:00:14.7: PME# supported from D0 D3hot D3cold
Jan 15 10:02:46 EliteBook-8-G1i kernel: pci 0000:00:15.0: [8086:a878] type 00 class 0x0c8000 conventional PCI endpoint
Jan 15 10:02:46 EliteBook-8-G1i kernel: pci 0000:00:15.0: BAR 0 [mem 0x00000000-0x00000fff 64bit]
Jan 15 10:02:46 EliteBook-8-G1i kernel: pci 0000:00:15.2: [8086:a87a] type 00 class 0x0c8000 conventional PCI endpoint
Jan 15 10:02:46 EliteBook-8-G1i kernel: pci 0000:00:15.2: BAR 0 [mem 0x00000000-0x00000fff 64bit]
Jan 15 10:02:46 EliteBook-8-G1i kernel: pci 0000:00:16.0: [8086:a870] type 00 class 0x078000 conventional PCI endpoint
Jan 15 10:02:46 EliteBook-8-G1i kernel: pci 0000:00:16.0: BAR 0 [mem 0x3013333000-0x3013333fff 64bit]
Jan 15 10:02:46 EliteBook-8-G1i kernel: pci 0000:00:16.0: PME# supported from D3hot
Jan 15 10:02:46 EliteBook-8-G1i kernel: pci 0000:00:1c.0: [8086:a83c] type 01 class 0x060400 PCIe Root Port
Jan 15 10:02:46 EliteBook-8-G1i kernel: pci 0000:00:1c.0: PCI bridge to [bus 55]
Jan 15 10:02:46 EliteBook-8-G1i kernel: pci 0000:00:1c.0:   bridge window [mem 0x8e200000-0x8e2fffff]
Jan 15 10:02:46 EliteBook-8-G1i kernel: pci 0000:00:1c.0: PME# supported from D0 D3hot D3cold
Jan 15 10:02:46 EliteBook-8-G1i kernel: pci 0000:00:1c.0: PTM enabled (root), 4ns granularity
Jan 15 10:02:46 EliteBook-8-G1i kernel: pci 0000:00:1e.0: [8086:a825] type 00 class 0x078000 conventional PCI endpoint
Jan 15 10:02:46 EliteBook-8-G1i kernel: pci 0000:00:1e.0: BAR 0 [mem 0x00000000-0x00000fff 64bit]
Jan 15 10:02:46 EliteBook-8-G1i kernel: pci 0000:00:1e.2: [8086:a827] type 00 class 0x0c8000 conventional PCI endpoint
Jan 15 10:02:46 EliteBook-8-G1i kernel: pci 0000:00:1e.2: BAR 0 [mem 0x00000000-0x00000fff 64bit]
Jan 15 10:02:46 EliteBook-8-G1i kernel: pci 0000:00:1f.0: [8086:a807] type 00 class 0x060100 conventional PCI endpoint
Jan 15 10:02:46 EliteBook-8-G1i kernel: pci 0000:00:1f.3: [8086:a828] type 00 class 0x040100 conventional PCI endpoint
Jan 15 10:02:46 EliteBook-8-G1i kernel: pci 0000:00:1f.3: BAR 0 [mem 0x3013200000-0x301327ffff 64bit]
Jan 15 10:02:46 EliteBook-8-G1i kernel: pci 0000:00:1f.3: BAR 4 [mem 0x3013000000-0x30131fffff 64bit]
Jan 15 10:02:46 EliteBook-8-G1i kernel: pci 0000:00:1f.3: PME# supported from D3hot D3cold
Jan 15 10:02:46 EliteBook-8-G1i kernel: pci 0000:00:1f.4: [8086:a822] type 00 class 0x0c0500 conventional PCI endpoint
Jan 15 10:02:46 EliteBook-8-G1i kernel: pci 0000:00:1f.4: BAR 0 [mem 0x3013330000-0x30133300ff 64bit]
Jan 15 10:02:46 EliteBook-8-G1i kernel: pci 0000:00:1f.4: BAR 4 [io  0xefa0-0xefbf]
Jan 15 10:02:46 EliteBook-8-G1i kernel: pci 0000:00:1f.5: [8086:a823] type 00 class 0x0c8000 conventional PCI endpoint
Jan 15 10:02:46 EliteBook-8-G1i kernel: pci 0000:00:1f.5: BAR 0 [mem 0xfe010000-0xfe010fff]
Jan 15 10:02:46 EliteBook-8-G1i kernel: pci 0000:00:07.0: PCI bridge to [bus 01-2a]
Jan 15 10:02:46 EliteBook-8-G1i kernel: pci 0000:00:07.1: PCI bridge to [bus 2b-54]
Jan 15 10:02:46 EliteBook-8-G1i kernel: pci 0000:55:00.0: [1c5c:1959] type 00 class 0x010802 PCIe Endpoint
Jan 15 10:02:46 EliteBook-8-G1i kernel: pci 0000:55:00.0: BAR 0 [mem 0x8e200000-0x8e203fff 64bit]
Jan 15 10:02:46 EliteBook-8-G1i kernel: pci 0000:00:1c.0: ASPM: current common clock configuration is inconsistent, reconfiguring
Jan 15 10:02:46 EliteBook-8-G1i kernel: pci 0000:00:1c.0: PCI bridge to [bus 55]
Jan 15 10:02:46 EliteBook-8-G1i kernel: ACPI: \_SB_.PEPD: Duplicate LPS0 _DSM functions (mask: 0x1)
Jan 15 10:02:46 EliteBook-8-G1i kernel: Low-power S0 idle used by default for system suspend
Jan 15 10:02:46 EliteBook-8-G1i kernel: ACPI: EC: interrupt unblocked
Jan 15 10:02:46 EliteBook-8-G1i kernel: ACPI: EC: event unblocked
Jan 15 10:02:46 EliteBook-8-G1i kernel: ACPI: EC: EC_CMD/EC_SC=0x66, EC_DATA=0x62
Jan 15 10:02:46 EliteBook-8-G1i kernel: ACPI: EC: GPE=0x6e
Jan 15 10:02:46 EliteBook-8-G1i kernel: ACPI: \_SB_.PC00.LPCB.EC0_: Boot DSDT EC initialization complete
Jan 15 10:02:46 EliteBook-8-G1i kernel: ACPI: \_SB_.PC00.LPCB.EC0_: EC: Used to handle transactions and events
Jan 15 10:02:46 EliteBook-8-G1i kernel: iommu: Default domain type: Translated
Jan 15 10:02:46 EliteBook-8-G1i kernel: iommu: DMA domain TLB invalidation policy: lazy mode
Jan 15 10:02:46 EliteBook-8-G1i kernel: SCSI subsystem initialized
Jan 15 10:02:46 EliteBook-8-G1i kernel: libata version 3.00 loaded.
Jan 15 10:02:46 EliteBook-8-G1i kernel: ACPI: bus type USB registered
Jan 15 10:02:46 EliteBook-8-G1i kernel: usbcore: registered new interface driver usbfs
Jan 15 10:02:46 EliteBook-8-G1i kernel: usbcore: registered new interface driver hub
Jan 15 10:02:46 EliteBook-8-G1i kernel: usbcore: registered new device driver usb
Jan 15 10:02:46 EliteBook-8-G1i kernel: pps_core: LinuxPPS API ver. 1 registered
Jan 15 10:02:46 EliteBook-8-G1i kernel: pps_core: Software ver. 5.3.6 - Copyright 2005-2007 Rodolfo Giometti <giometti@linux.it>
Jan 15 10:02:46 EliteBook-8-G1i kernel: PTP clock support registered
Jan 15 10:02:46 EliteBook-8-G1i kernel: EDAC MC: Ver: 3.0.0
Jan 15 10:02:46 EliteBook-8-G1i kernel: efivars: Registered efivars operations
Jan 15 10:02:46 EliteBook-8-G1i kernel: NetLabel: Initializing
Jan 15 10:02:46 EliteBook-8-G1i kernel: NetLabel:  domain hash size = 128
Jan 15 10:02:46 EliteBook-8-G1i kernel: NetLabel:  protocols = UNLABELED CIPSOv4 CALIPSO
Jan 15 10:02:46 EliteBook-8-G1i kernel: NetLabel:  unlabeled traffic allowed by default
Jan 15 10:02:46 EliteBook-8-G1i kernel: mctp: management component transport protocol core
Jan 15 10:02:46 EliteBook-8-G1i kernel: NET: Registered PF_MCTP protocol family
Jan 15 10:02:46 EliteBook-8-G1i kernel: PCI: Using ACPI for IRQ routing
Jan 15 10:02:46 EliteBook-8-G1i kernel: PCI: pci_cache_line_size set to 64 bytes
Jan 15 10:02:46 EliteBook-8-G1i kernel: pci 0000:00:1f.5: BAR 0 [mem 0xfe010000-0xfe010fff]: can't claim; no compatible bridge window
Jan 15 10:02:46 EliteBook-8-G1i kernel: e820: reserve RAM buffer [mem 0x0009f000-0x0009ffff]
Jan 15 10:02:46 EliteBook-8-G1i kernel: e820: reserve RAM buffer [mem 0x5b92b000-0x5bffffff]
Jan 15 10:02:46 EliteBook-8-G1i kernel: e820: reserve RAM buffer [mem 0x63cea000-0x63ffffff]
Jan 15 10:02:46 EliteBook-8-G1i kernel: e820: reserve RAM buffer [mem 0x6a000000-0x6bffffff]
Jan 15 10:02:46 EliteBook-8-G1i kernel: e820: reserve RAM buffer [mem 0x87f800000-0x87fffffff]
Jan 15 10:02:46 EliteBook-8-G1i kernel: pci 0000:00:02.0: vgaarb: setting as boot VGA device
Jan 15 10:02:46 EliteBook-8-G1i kernel: pci 0000:00:02.0: vgaarb: bridge control possible
Jan 15 10:02:46 EliteBook-8-G1i kernel: pci 0000:00:02.0: vgaarb: VGA device added: decodes=io+mem,owns=io+mem,locks=none
Jan 15 10:02:46 EliteBook-8-G1i kernel: vgaarb: loaded
Jan 15 10:02:46 EliteBook-8-G1i kernel: Monitor-Mwait will be used to enter C-1 state
Jan 15 10:02:46 EliteBook-8-G1i kernel: Monitor-Mwait will be used to enter C-2 state
Jan 15 10:02:46 EliteBook-8-G1i kernel: Monitor-Mwait will be used to enter C-3 state
Jan 15 10:02:46 EliteBook-8-G1i kernel: clocksource: Switched to clocksource tsc-early
Jan 15 10:02:46 EliteBook-8-G1i kernel: VFS: Disk quotas dquot_6.6.0
Jan 15 10:02:46 EliteBook-8-G1i kernel: VFS: Dquot-cache hash table entries: 512 (order 0, 4096 bytes)
Jan 15 10:02:46 EliteBook-8-G1i kernel: AppArmor: AppArmor Filesystem Enabled
Jan 15 10:02:46 EliteBook-8-G1i kernel: pnp: PnP ACPI init
Jan 15 10:02:46 EliteBook-8-G1i kernel: system 00:00: [io  0x0680-0x069f] has been reserved
Jan 15 10:02:46 EliteBook-8-G1i kernel: system 00:00: [io  0x164e-0x164f] has been reserved
Jan 15 10:02:46 EliteBook-8-G1i kernel: system 00:02: [io  0x0200-0x027f] has been reserved
Jan 15 10:02:46 EliteBook-8-G1i kernel: system 00:02: [mem 0xfedf0000-0xfedfffff] has been reserved
Jan 15 10:02:46 EliteBook-8-G1i kernel: system 00:03: [mem 0xfedc0000-0xfedc7fff] has been reserved
Jan 15 10:02:46 EliteBook-8-G1i kernel: system 00:03: [mem 0xd8000000-0xd8000fff] has been reserved
Jan 15 10:02:46 EliteBook-8-G1i kernel: system 00:03: [mem 0x00000000-0x00000fff] could not be reserved
Jan 15 10:02:46 EliteBook-8-G1i kernel: system 00:03: [mem 0xc0000000-0xcfffffff] has been reserved
Jan 15 10:02:46 EliteBook-8-G1i kernel: system 00:03: [mem 0xfed20000-0xfed7ffff] could not be reserved
Jan 15 10:02:46 EliteBook-8-G1i kernel: system 00:03: [mem 0xfc800000-0xfc81ffff] could not be reserved
Jan 15 10:02:46 EliteBook-8-G1i kernel: system 00:03: [mem 0xfed45000-0xfed8ffff] could not be reserved
Jan 15 10:02:46 EliteBook-8-G1i kernel: system 00:03: [mem 0xfee00000-0xfeefffff] has been reserved
Jan 15 10:02:46 EliteBook-8-G1i kernel: system 00:04: [io  0x2000-0x20fe] has been reserved
Jan 15 10:02:46 EliteBook-8-G1i kernel: system 00:06: [io  0x1854-0x1857] has been reserved
Jan 15 10:02:46 EliteBook-8-G1i kernel: pnp: PnP ACPI: found 7 devices
Jan 15 10:02:46 EliteBook-8-G1i kernel: clocksource: acpi_pm: mask: 0xffffff max_cycles: 0xffffff, max_idle_ns: 2085701024 ns
Jan 15 10:02:46 EliteBook-8-G1i kernel: NET: Registered PF_INET protocol family
Jan 15 10:02:46 EliteBook-8-G1i kernel: IP idents hash table entries: 262144 (order: 9, 2097152 bytes, linear)
Jan 15 10:02:46 EliteBook-8-G1i kernel: tcp_listen_portaddr_hash hash table entries: 16384 (order: 6, 262144 bytes, linear)
Jan 15 10:02:46 EliteBook-8-G1i kernel: Table-perturb hash table entries: 65536 (order: 6, 262144 bytes, linear)
Jan 15 10:02:46 EliteBook-8-G1i kernel: TCP established hash table entries: 262144 (order: 9, 2097152 bytes, linear)
Jan 15 10:02:46 EliteBook-8-G1i kernel: TCP bind hash table entries: 65536 (order: 9, 2097152 bytes, linear)
Jan 15 10:02:46 EliteBook-8-G1i kernel: TCP: Hash tables configured (established 262144 bind 65536)
Jan 15 10:02:46 EliteBook-8-G1i kernel: MPTCP token hash table entries: 32768 (order: 7, 786432 bytes, linear)
Jan 15 10:02:46 EliteBook-8-G1i kernel: UDP hash table entries: 16384 (order: 8, 1048576 bytes, linear)
Jan 15 10:02:46 EliteBook-8-G1i kernel: UDP-Lite hash table entries: 16384 (order: 8, 1048576 bytes, linear)
Jan 15 10:02:46 EliteBook-8-G1i kernel: NET: Registered PF_UNIX/PF_LOCAL protocol family
Jan 15 10:02:46 EliteBook-8-G1i kernel: NET: Registered PF_XDP protocol family
Jan 15 10:02:46 EliteBook-8-G1i kernel: pci 0000:00:07.0: bridge window [io  0x1000-0x0fff] to [bus 01-2a] add_size 1000
Jan 15 10:02:46 EliteBook-8-G1i kernel: pci 0000:00:07.1: bridge window [io  0x1000-0x0fff] to [bus 2b-54] add_size 1000
Jan 15 10:02:46 EliteBook-8-G1i kernel: pci 0000:00:07.0: bridge window [io  0x3000-0x3fff]: assigned
Jan 15 10:02:46 EliteBook-8-G1i kernel: pci 0000:00:07.1: bridge window [io  0x4000-0x4fff]: assigned
Jan 15 10:02:46 EliteBook-8-G1i kernel: pci 0000:00:15.0: BAR 0 [mem 0x3013331000-0x3013331fff 64bit]: assigned
Jan 15 10:02:46 EliteBook-8-G1i kernel: pci 0000:00:15.2: BAR 0 [mem 0x3013332000-0x3013332fff 64bit]: assigned
Jan 15 10:02:46 EliteBook-8-G1i kernel: pci 0000:00:1e.0: BAR 0 [mem 0x3013334000-0x3013334fff 64bit]: assigned
Jan 15 10:02:46 EliteBook-8-G1i kernel: pci 0000:00:1e.2: BAR 0 [mem 0x3013335000-0x3013335fff 64bit]: assigned
Jan 15 10:02:46 EliteBook-8-G1i kernel: pci 0000:00:1f.5: BAR 0 [mem 0x80800000-0x80800fff]: assigned
Jan 15 10:02:46 EliteBook-8-G1i kernel: pci 0000:00:07.0: PCI bridge to [bus 01-2a]
Jan 15 10:02:46 EliteBook-8-G1i kernel: pci 0000:00:07.0:   bridge window [io  0x3000-0x3fff]
Jan 15 10:02:46 EliteBook-8-G1i kernel: pci 0000:00:07.0:   bridge window [mem 0x88000000-0x8dffffff]
Jan 15 10:02:46 EliteBook-8-G1i kernel: pci 0000:00:07.0:   bridge window [mem 0x2010000000-0x280fffffff 64bit pref]
Jan 15 10:02:46 EliteBook-8-G1i kernel: pci 0000:00:07.1: PCI bridge to [bus 2b-54]
Jan 15 10:02:46 EliteBook-8-G1i kernel: pci 0000:00:07.1:   bridge window [io  0x4000-0x4fff]
Jan 15 10:02:46 EliteBook-8-G1i kernel: pci 0000:00:07.1:   bridge window [mem 0x82000000-0x87ffffff]
Jan 15 10:02:46 EliteBook-8-G1i kernel: pci 0000:00:07.1:   bridge window [mem 0x2810000000-0x300fffffff 64bit pref]
Jan 15 10:02:46 EliteBook-8-G1i kernel: pci 0000:00:1c.0: PCI bridge to [bus 55]
Jan 15 10:02:46 EliteBook-8-G1i kernel: pci 0000:00:1c.0:   bridge window [mem 0x8e200000-0x8e2fffff]
Jan 15 10:02:46 EliteBook-8-G1i kernel: pci_bus 0000:00: resource 4 [io  0x0000-0x0cf7 window]
Jan 15 10:02:46 EliteBook-8-G1i kernel: pci_bus 0000:00: resource 5 [io  0x0d00-0xffff window]
Jan 15 10:02:46 EliteBook-8-G1i kernel: pci_bus 0000:00: resource 6 [mem 0x000a0000-0x000bffff window]
Jan 15 10:02:46 EliteBook-8-G1i kernel: pci_bus 0000:00: resource 7 [mem 0x80800000-0xbfffffff window]
Jan 15 10:02:46 EliteBook-8-G1i kernel: pci_bus 0000:00: resource 8 [mem 0x2000000000-0x3fbfffffff window]
Jan 15 10:02:46 EliteBook-8-G1i kernel: pci_bus 0000:01: resource 0 [io  0x3000-0x3fff]
Jan 15 10:02:46 EliteBook-8-G1i kernel: pci_bus 0000:01: resource 1 [mem 0x88000000-0x8dffffff]
Jan 15 10:02:46 EliteBook-8-G1i kernel: pci_bus 0000:01: resource 2 [mem 0x2010000000-0x280fffffff 64bit pref]
Jan 15 10:02:46 EliteBook-8-G1i kernel: pci_bus 0000:2b: resource 0 [io  0x4000-0x4fff]
Jan 15 10:02:46 EliteBook-8-G1i kernel: pci_bus 0000:2b: resource 1 [mem 0x82000000-0x87ffffff]
Jan 15 10:02:46 EliteBook-8-G1i kernel: pci_bus 0000:2b: resource 2 [mem 0x2810000000-0x300fffffff 64bit pref]
Jan 15 10:02:46 EliteBook-8-G1i kernel: pci_bus 0000:55: resource 1 [mem 0x8e200000-0x8e2fffff]
Jan 15 10:02:46 EliteBook-8-G1i kernel: pci 0000:00:0d.0: enabling device (0000 -> 0002)
Jan 15 10:02:46 EliteBook-8-G1i kernel: PCI: CLS 0 bytes, default 64
Jan 15 10:02:46 EliteBook-8-G1i kernel: DMAR: No RMRR found
Jan 15 10:02:46 EliteBook-8-G1i kernel: DMAR: No ATSR found
Jan 15 10:02:46 EliteBook-8-G1i kernel: DMAR: dmar1: Using Queued invalidation
Jan 15 10:02:46 EliteBook-8-G1i kernel: DMAR: dmar0: Using Queued invalidation
Jan 15 10:02:46 EliteBook-8-G1i kernel: DMAR: dmar2: Using Queued invalidation
Jan 15 10:02:46 EliteBook-8-G1i kernel: Trying to unpack rootfs image as initramfs...
Jan 15 10:02:46 EliteBook-8-G1i kernel: pci 0000:00:04.0: Adding to iommu group 0
Jan 15 10:02:46 EliteBook-8-G1i kernel: pci 0000:00:0a.0: Adding to iommu group 1
Jan 15 10:02:46 EliteBook-8-G1i kernel: pci 0000:00:0b.0: Adding to iommu group 2
Jan 15 10:02:46 EliteBook-8-G1i kernel: pci 0000:00:02.0: Adding to iommu group 3
Jan 15 10:02:46 EliteBook-8-G1i kernel: pci 0000:00:00.0: Adding to iommu group 4
Jan 15 10:02:46 EliteBook-8-G1i kernel: pci 0000:00:07.0: Adding to iommu group 5
Jan 15 10:02:46 EliteBook-8-G1i kernel: pci 0000:00:07.1: Adding to iommu group 6
Jan 15 10:02:46 EliteBook-8-G1i kernel: pci 0000:00:0d.0: Adding to iommu group 7
Jan 15 10:02:46 EliteBook-8-G1i kernel: pci 0000:00:0d.2: Adding to iommu group 7
Jan 15 10:02:46 EliteBook-8-G1i kernel: pci 0000:00:12.0: Adding to iommu group 8
Jan 15 10:02:46 EliteBook-8-G1i kernel: pci 0000:00:13.0: Adding to iommu group 9
Jan 15 10:02:46 EliteBook-8-G1i kernel: pci 0000:00:14.0: Adding to iommu group 10
Jan 15 10:02:46 EliteBook-8-G1i kernel: pci 0000:00:14.2: Adding to iommu group 10
Jan 15 10:02:46 EliteBook-8-G1i kernel: pci 0000:00:14.3: Adding to iommu group 11
Jan 15 10:02:46 EliteBook-8-G1i kernel: pci 0000:00:14.7: Adding to iommu group 12
Jan 15 10:02:46 EliteBook-8-G1i kernel: pci 0000:00:15.0: Adding to iommu group 13
Jan 15 10:02:46 EliteBook-8-G1i kernel: pci 0000:00:15.2: Adding to iommu group 13
Jan 15 10:02:46 EliteBook-8-G1i kernel: pci 0000:00:16.0: Adding to iommu group 14
Jan 15 10:02:46 EliteBook-8-G1i kernel: pci 0000:00:1c.0: Adding to iommu group 15
Jan 15 10:02:46 EliteBook-8-G1i kernel: pci 0000:00:1e.0: Adding to iommu group 16
Jan 15 10:02:46 EliteBook-8-G1i kernel: pci 0000:00:1e.2: Adding to iommu group 16
Jan 15 10:02:46 EliteBook-8-G1i kernel: pci 0000:00:1f.0: Adding to iommu group 17
Jan 15 10:02:46 EliteBook-8-G1i kernel: pci 0000:00:1f.3: Adding to iommu group 17
Jan 15 10:02:46 EliteBook-8-G1i kernel: pci 0000:00:1f.4: Adding to iommu group 17
Jan 15 10:02:46 EliteBook-8-G1i kernel: pci 0000:00:1f.5: Adding to iommu group 17
Jan 15 10:02:46 EliteBook-8-G1i kernel: pci 0000:55:00.0: Adding to iommu group 18
Jan 15 10:02:46 EliteBook-8-G1i kernel: DMAR: Intel(R) Virtualization Technology for Directed I/O
Jan 15 10:02:46 EliteBook-8-G1i kernel: PCI-DMA: Using software bounce buffering for IO (SWIOTLB)
Jan 15 10:02:46 EliteBook-8-G1i kernel: software IO TLB: mapped [mem 0x000000004fcbb000-0x0000000053cbb000] (64MB)
Jan 15 10:02:46 EliteBook-8-G1i kernel: clocksource: tsc: mask: 0xffffffffffffffff max_cycles: 0x2f9a2767029, max_idle_ns: 440795219692 ns
Jan 15 10:02:46 EliteBook-8-G1i kernel: clocksource: Switched to clocksource tsc
Jan 15 10:02:46 EliteBook-8-G1i kernel: platform rtc_cmos: registered platform RTC device (no PNP device found)
Jan 15 10:02:46 EliteBook-8-G1i kernel: Initialise system trusted keyrings
Jan 15 10:02:46 EliteBook-8-G1i kernel: Key type blacklist registered
Jan 15 10:02:46 EliteBook-8-G1i kernel: workingset: timestamp_bits=36 max_order=23 bucket_order=0
Jan 15 10:02:46 EliteBook-8-G1i kernel: squashfs: version 4.0 (2009/01/31) Phillip Lougher
Jan 15 10:02:46 EliteBook-8-G1i kernel: fuse: init (API version 7.44)
Jan 15 10:02:46 EliteBook-8-G1i kernel: integrity: Platform Keyring initialized
Jan 15 10:02:46 EliteBook-8-G1i kernel: integrity: Machine keyring initialized
Jan 15 10:02:46 EliteBook-8-G1i kernel: Key type asymmetric registered
Jan 15 10:02:46 EliteBook-8-G1i kernel: Asymmetric key parser 'x509' registered
Jan 15 10:02:46 EliteBook-8-G1i kernel: Block layer SCSI generic (bsg) driver version 0.4 loaded (major 242)
Jan 15 10:02:46 EliteBook-8-G1i kernel: io scheduler mq-deadline registered
Jan 15 10:02:46 EliteBook-8-G1i kernel: ledtrig-cpu: registered to indicate activity on CPUs
Jan 15 10:02:46 EliteBook-8-G1i kernel: pcieport 0000:00:07.0: PME: Signaling with IRQ 126
Jan 15 10:02:46 EliteBook-8-G1i kernel: pcieport 0000:00:07.0: AER: enabled with IRQ 126
Jan 15 10:02:46 EliteBook-8-G1i kernel: pcieport 0000:00:07.0: pciehp: Slot #6 AttnBtn- PwrCtrl- MRL- AttnInd- PwrInd- HotPlug+ Surprise+ Interlock- NoCompl+ IbPresDis- LLActRep+
Jan 15 10:02:46 EliteBook-8-G1i kernel: pcieport 0000:00:07.1: PME: Signaling with IRQ 127
Jan 15 10:02:46 EliteBook-8-G1i kernel: pcieport 0000:00:07.1: AER: enabled with IRQ 127
Jan 15 10:02:46 EliteBook-8-G1i kernel: pcieport 0000:00:07.1: pciehp: Slot #7 AttnBtn- PwrCtrl- MRL- AttnInd- PwrInd- HotPlug+ Surprise+ Interlock- NoCompl+ IbPresDis- LLActRep+
Jan 15 10:02:46 EliteBook-8-G1i kernel: pcieport 0000:00:1c.0: PME: Signaling with IRQ 128
Jan 15 10:02:46 EliteBook-8-G1i kernel: pcieport 0000:00:1c.0: AER: enabled with IRQ 128
Jan 15 10:02:46 EliteBook-8-G1i kernel: ACPI: AC: AC Adapter [AC] (off-line)
Jan 15 10:02:46 EliteBook-8-G1i kernel: input: Lid Switch as /devices/LNXSYSTM:00/LNXSYBUS:00/PNP0C0D:00/input/input0
Jan 15 10:02:46 EliteBook-8-G1i kernel: ACPI: button: Lid Switch [LID]
Jan 15 10:02:46 EliteBook-8-G1i kernel: input: Power Button as /devices/LNXSYSTM:00/LNXPWRBN:00/input/input1
Jan 15 10:02:46 EliteBook-8-G1i kernel: ACPI: button: Power Button [PWRF]
Jan 15 10:02:46 EliteBook-8-G1i kernel: thermal LNXTHERM:00: registered as thermal_zone0
Jan 15 10:02:46 EliteBook-8-G1i kernel: ACPI: thermal: Thermal Zone [CPUZ] (37 C)
Jan 15 10:02:46 EliteBook-8-G1i kernel: thermal LNXTHERM:01: registered as thermal_zone1
Jan 15 10:02:46 EliteBook-8-G1i kernel: ACPI: thermal: Thermal Zone [GFXZ] (25 C)
Jan 15 10:02:46 EliteBook-8-G1i kernel: thermal LNXTHERM:02: registered as thermal_zone2
Jan 15 10:02:46 EliteBook-8-G1i kernel: ACPI: thermal: Thermal Zone [EXTZ] (28 C)
Jan 15 10:02:46 EliteBook-8-G1i kernel: thermal LNXTHERM:03: registered as thermal_zone3
Jan 15 10:02:46 EliteBook-8-G1i kernel: ACPI: thermal: Thermal Zone [LOCZ] (30 C)
Jan 15 10:02:46 EliteBook-8-G1i kernel: thermal LNXTHERM:04: registered as thermal_zone4
Jan 15 10:02:46 EliteBook-8-G1i kernel: ACPI: thermal: Thermal Zone [BATZ] (20 C)
Jan 15 10:02:46 EliteBook-8-G1i kernel: thermal LNXTHERM:05: registered as thermal_zone5
Jan 15 10:02:46 EliteBook-8-G1i kernel: ACPI: thermal: Thermal Zone [CHGZ] (25 C)
Jan 15 10:02:46 EliteBook-8-G1i kernel: thermal LNXTHERM:06: registered as thermal_zone6
Jan 15 10:02:46 EliteBook-8-G1i kernel: ACPI: thermal: Thermal Zone [SK1Z] (24 C)
Jan 15 10:02:46 EliteBook-8-G1i kernel: thermal LNXTHERM:07: registered as thermal_zone7
Jan 15 10:02:46 EliteBook-8-G1i kernel: ACPI: thermal: Thermal Zone [SK2Z] (0 C)
Jan 15 10:02:46 EliteBook-8-G1i kernel: thermal LNXTHERM:08: registered as thermal_zone8
Jan 15 10:02:46 EliteBook-8-G1i kernel: ACPI: thermal: Thermal Zone [BAGZ] (30 C)
Jan 15 10:02:46 EliteBook-8-G1i kernel: thermal LNXTHERM:09: registered as thermal_zone9
Jan 15 10:02:46 EliteBook-8-G1i kernel: ACPI: thermal: Thermal Zone [MSHZ] (30 C)
Jan 15 10:02:46 EliteBook-8-G1i kernel: thermal LNXTHERM:0a: registered as thermal_zone10
Jan 15 10:02:46 EliteBook-8-G1i kernel: ACPI: thermal: Thermal Zone [PGTZ] (30 C)
Jan 15 10:02:46 EliteBook-8-G1i kernel: thermal LNXTHERM:0b: registered as thermal_zone11
Jan 15 10:02:46 EliteBook-8-G1i kernel: ACPI: thermal: Thermal Zone [PCHZ] (0 C)
Jan 15 10:02:46 EliteBook-8-G1i kernel: Serial: 8250/16550 driver, 32 ports, IRQ sharing enabled
Jan 15 10:02:46 EliteBook-8-G1i kernel: serial8250: ttyS1 at I/O 0x2f8 (irq = 3, base_baud = 115200) is a 16450
Jan 15 10:02:46 EliteBook-8-G1i kernel: serial 0000:00:12.0: enabling device (0000 -> 0002)
Jan 15 10:02:46 EliteBook-8-G1i kernel: hpet_acpi_add: no address or irqs in _CRS
Jan 15 10:02:46 EliteBook-8-G1i kernel: Linux agpgart interface v0.103
Jan 15 10:02:46 EliteBook-8-G1i kernel: tpm_tis NTC0702:00: 2.0 TPM (device-id 0xFC, rev-id 1)
Jan 15 10:02:46 EliteBook-8-G1i kernel: Freeing initrd memory: 81340K
Jan 15 10:02:46 EliteBook-8-G1i kernel: loop: module loaded
Jan 15 10:02:46 EliteBook-8-G1i kernel: ACPI: bus type drm_connector registered
Jan 15 10:02:46 EliteBook-8-G1i kernel: tun: Universal TUN/TAP device driver, 1.6
Jan 15 10:02:46 EliteBook-8-G1i kernel: PPP generic driver version 2.4.2
Jan 15 10:02:46 EliteBook-8-G1i kernel: xhci_hcd 0000:00:0d.0: xHCI Host Controller
Jan 15 10:02:46 EliteBook-8-G1i kernel: xhci_hcd 0000:00:0d.0: new USB bus registered, assigned bus number 1
Jan 15 10:02:46 EliteBook-8-G1i kernel: xhci_hcd 0000:00:0d.0: hcc params 0x20007fc1 hci version 0x120 quirks 0x0000000200009810
Jan 15 10:02:46 EliteBook-8-G1i kernel: xhci_hcd 0000:00:0d.0: xHCI Host Controller
Jan 15 10:02:46 EliteBook-8-G1i kernel: xhci_hcd 0000:00:0d.0: new USB bus registered, assigned bus number 2
Jan 15 10:02:46 EliteBook-8-G1i kernel: xhci_hcd 0000:00:0d.0: Host supports USB 3.2 Enhanced SuperSpeed
Jan 15 10:02:46 EliteBook-8-G1i kernel: usb usb1: New USB device found, idVendor=1d6b, idProduct=0002, bcdDevice= 6.17
Jan 15 10:02:46 EliteBook-8-G1i kernel: usb usb1: New USB device strings: Mfr=3, Product=2, SerialNumber=1
Jan 15 10:02:46 EliteBook-8-G1i kernel: usb usb1: Product: xHCI Host Controller
Jan 15 10:02:46 EliteBook-8-G1i kernel: usb usb1: Manufacturer: Linux 6.17.0-1009-oem xhci-hcd
Jan 15 10:02:46 EliteBook-8-G1i kernel: usb usb1: SerialNumber: 0000:00:0d.0
Jan 15 10:02:46 EliteBook-8-G1i kernel: hub 1-0:1.0: USB hub found
Jan 15 10:02:46 EliteBook-8-G1i kernel: hub 1-0:1.0: 1 port detected
Jan 15 10:02:46 EliteBook-8-G1i kernel: usb usb2: New USB device found, idVendor=1d6b, idProduct=0003, bcdDevice= 6.17
Jan 15 10:02:46 EliteBook-8-G1i kernel: usb usb2: New USB device strings: Mfr=3, Product=2, SerialNumber=1
Jan 15 10:02:46 EliteBook-8-G1i kernel: usb usb2: Product: xHCI Host Controller
Jan 15 10:02:46 EliteBook-8-G1i kernel: usb usb2: Manufacturer: Linux 6.17.0-1009-oem xhci-hcd
Jan 15 10:02:46 EliteBook-8-G1i kernel: usb usb2: SerialNumber: 0000:00:0d.0
Jan 15 10:02:46 EliteBook-8-G1i kernel: hub 2-0:1.0: USB hub found
Jan 15 10:02:46 EliteBook-8-G1i kernel: hub 2-0:1.0: 2 ports detected
Jan 15 10:02:46 EliteBook-8-G1i kernel: xhci_hcd 0000:00:14.0: xHCI Host Controller
Jan 15 10:02:46 EliteBook-8-G1i kernel: xhci_hcd 0000:00:14.0: new USB bus registered, assigned bus number 3
Jan 15 10:02:46 EliteBook-8-G1i kernel: xhci_hcd 0000:00:14.0: hcc params 0x20007fc1 hci version 0x120 quirks 0x0000000200009810
Jan 15 10:02:46 EliteBook-8-G1i kernel: xhci_hcd 0000:00:14.0: xHCI Host Controller
Jan 15 10:02:46 EliteBook-8-G1i kernel: xhci_hcd 0000:00:14.0: new USB bus registered, assigned bus number 4
Jan 15 10:02:46 EliteBook-8-G1i kernel: xhci_hcd 0000:00:14.0: Host supports USB 3.2 Enhanced SuperSpeed
Jan 15 10:02:46 EliteBook-8-G1i kernel: usb usb3: New USB device found, idVendor=1d6b, idProduct=0002, bcdDevice= 6.17
Jan 15 10:02:46 EliteBook-8-G1i kernel: usb usb3: New USB device strings: Mfr=3, Product=2, SerialNumber=1
Jan 15 10:02:46 EliteBook-8-G1i kernel: usb usb3: Product: xHCI Host Controller
Jan 15 10:02:46 EliteBook-8-G1i kernel: usb usb3: Manufacturer: Linux 6.17.0-1009-oem xhci-hcd
Jan 15 10:02:46 EliteBook-8-G1i kernel: usb usb3: SerialNumber: 0000:00:14.0
Jan 15 10:02:46 EliteBook-8-G1i kernel: hub 3-0:1.0: USB hub found
Jan 15 10:02:46 EliteBook-8-G1i kernel: hub 3-0:1.0: 8 ports detected
Jan 15 10:02:46 EliteBook-8-G1i kernel: usb usb4: New USB device found, idVendor=1d6b, idProduct=0003, bcdDevice= 6.17
Jan 15 10:02:46 EliteBook-8-G1i kernel: usb usb4: New USB device strings: Mfr=3, Product=2, SerialNumber=1
Jan 15 10:02:46 EliteBook-8-G1i kernel: usb usb4: Product: xHCI Host Controller
Jan 15 10:02:46 EliteBook-8-G1i kernel: usb usb4: Manufacturer: Linux 6.17.0-1009-oem xhci-hcd
Jan 15 10:02:46 EliteBook-8-G1i kernel: usb usb4: SerialNumber: 0000:00:14.0
Jan 15 10:02:46 EliteBook-8-G1i kernel: hub 4-0:1.0: USB hub found
Jan 15 10:02:46 EliteBook-8-G1i kernel: hub 4-0:1.0: 2 ports detected
Jan 15 10:02:46 EliteBook-8-G1i kernel: i8042: PNP: PS/2 Controller [PNP0303:PS2K] at 0x60,0x64 irq 1
Jan 15 10:02:46 EliteBook-8-G1i kernel: i8042: PNP: PS/2 appears to have AUX port disabled, if this is incorrect please boot with i8042.nopnp
Jan 15 10:02:46 EliteBook-8-G1i kernel: serio: i8042 KBD port at 0x60,0x64 irq 1
Jan 15 10:02:46 EliteBook-8-G1i kernel: mousedev: PS/2 mouse device common for all mice
Jan 15 10:02:46 EliteBook-8-G1i kernel: rtc_cmos rtc_cmos: RTC can wake from S4
Jan 15 10:02:46 EliteBook-8-G1i kernel: rtc_cmos rtc_cmos: registered as rtc0
Jan 15 10:02:46 EliteBook-8-G1i kernel: rtc_cmos rtc_cmos: setting system clock to 2026-01-15T18:02:44 UTC (1768500164)
Jan 15 10:02:46 EliteBook-8-G1i kernel: rtc_cmos rtc_cmos: alarms up to one month, y3k, 114 bytes nvram
Jan 15 10:02:46 EliteBook-8-G1i kernel: i2c_dev: i2c /dev entries driver
Jan 15 10:02:46 EliteBook-8-G1i kernel: device-mapper: core: CONFIG_IMA_DISABLE_HTABLE is disabled. Duplicate IMA measurements will not be recorded in the IMA log.
Jan 15 10:02:46 EliteBook-8-G1i kernel: device-mapper: uevent: version 1.0.3
Jan 15 10:02:46 EliteBook-8-G1i kernel: device-mapper: ioctl: 4.50.0-ioctl (2025-04-28) initialised: dm-devel@lists.linux.dev
Jan 15 10:02:46 EliteBook-8-G1i kernel: intel_pstate: Intel P-state driver initializing
Jan 15 10:02:46 EliteBook-8-G1i kernel: Hybrid CPU capacity scaling enabled
Jan 15 10:02:46 EliteBook-8-G1i kernel: processor cpu0: EM: created perf domain
Jan 15 10:02:46 EliteBook-8-G1i kernel: processor cpu1: EM: created perf domain
Jan 15 10:02:46 EliteBook-8-G1i kernel: processor cpu2: EM: created perf domain
Jan 15 10:02:46 EliteBook-8-G1i kernel: processor cpu3: EM: created perf domain
Jan 15 10:02:46 EliteBook-8-G1i kernel: processor cpu4: EM: created perf domain
Jan 15 10:02:46 EliteBook-8-G1i kernel: processor cpu5: EM: created perf domain
Jan 15 10:02:46 EliteBook-8-G1i kernel: processor cpu6: EM: created perf domain
Jan 15 10:02:46 EliteBook-8-G1i kernel: processor cpu7: EM: created perf domain
Jan 15 10:02:46 EliteBook-8-G1i kernel: intel_pstate: HWP enabled
Jan 15 10:02:46 EliteBook-8-G1i kernel: Relocating firmware framebuffer to offset 0x0000000000800000[d] within [mem 0x2000000000-0x200fffffff flags 0x14220c]
Jan 15 10:02:46 EliteBook-8-G1i kernel: simple-framebuffer simple-framebuffer.0: [drm] Registered 1 planes with drm panic
Jan 15 10:02:46 EliteBook-8-G1i kernel: [drm] Initialized simpledrm 1.0.0 for simple-framebuffer.0 on minor 0
Jan 15 10:02:46 EliteBook-8-G1i kernel: ACPI: battery: Slot [BAT0] (battery present)
Jan 15 10:02:46 EliteBook-8-G1i kernel: fbcon: Deferring console take-over
Jan 15 10:02:46 EliteBook-8-G1i kernel: simple-framebuffer simple-framebuffer.0: [drm] fb0: simpledrmdrmfb frame buffer device
Jan 15 10:02:46 EliteBook-8-G1i kernel: drop_monitor: Initializing network drop monitor service
Jan 15 10:02:46 EliteBook-8-G1i kernel: NET: Registered PF_INET6 protocol family
Jan 15 10:02:46 EliteBook-8-G1i kernel: Segment Routing with IPv6
Jan 15 10:02:46 EliteBook-8-G1i kernel: In-situ OAM (IOAM) with IPv6
Jan 15 10:02:46 EliteBook-8-G1i kernel: NET: Registered PF_PACKET protocol family
Jan 15 10:02:46 EliteBook-8-G1i kernel: Key type dns_resolver registered
Jan 15 10:02:46 EliteBook-8-G1i kernel: ENERGY_PERF_BIAS: Set to 'normal', was 'performance'
Jan 15 10:02:46 EliteBook-8-G1i kernel: microcode: Current revision: 0x00000123
Jan 15 10:02:46 EliteBook-8-G1i kernel: microcode: Updated early from: 0x00000121
Jan 15 10:02:46 EliteBook-8-G1i kernel: IPI shorthand broadcast: enabled
Jan 15 10:02:46 EliteBook-8-G1i kernel: sched_clock: Marking stable (840001475, 6393367)->(870629521, -24234679)
Jan 15 10:02:46 EliteBook-8-G1i kernel: registered taskstats version 1
Jan 15 10:02:46 EliteBook-8-G1i kernel: Loading compiled-in X.509 certificates
Jan 15 10:02:46 EliteBook-8-G1i kernel: Loaded X.509 cert 'Build time autogenerated kernel key: 5946a33a6087fe4ed8a52efa3dc9d226fc5867d5'
Jan 15 10:02:46 EliteBook-8-G1i kernel: Loaded X.509 cert 'Canonical Ltd. Live Patch Signing 2025 Kmod: d541cef61dc7e793b7eb7e899970a2eef0b5dc8c'
Jan 15 10:02:46 EliteBook-8-G1i kernel: Loaded X.509 cert 'Canonical Ltd. Live Patch Signing: 14df34d1a87cf37625abec039ef2bf521249b969'
Jan 15 10:02:46 EliteBook-8-G1i kernel: Loaded X.509 cert 'Canonical Ltd. Kernel Module Signing: 88f752e560a1e0737e31163a466ad7b70a850c19'
Jan 15 10:02:46 EliteBook-8-G1i kernel: blacklist: Loading compiled-in revocation X.509 certificates
Jan 15 10:02:46 EliteBook-8-G1i kernel: Loaded X.509 cert 'Canonical Ltd. Secure Boot Signing: 61482aa2830d0ab2ad5af10b7250da9033ddcef0'
Jan 15 10:02:46 EliteBook-8-G1i kernel: Loaded X.509 cert 'Canonical Ltd. Secure Boot Signing (2017): 242ade75ac4a15e50d50c84b0d45ff3eae707a03'
Jan 15 10:02:46 EliteBook-8-G1i kernel: Loaded X.509 cert 'Canonical Ltd. Secure Boot Signing (ESM 2018): 365188c1d374d6b07c3c8f240f8ef722433d6a8b'
Jan 15 10:02:46 EliteBook-8-G1i kernel: Loaded X.509 cert 'Canonical Ltd. Secure Boot Signing (2019): c0746fd6c5da3ae827864651ad66ae47fe24b3e8'
Jan 15 10:02:46 EliteBook-8-G1i kernel: Loaded X.509 cert 'Canonical Ltd. Secure Boot Signing (2021 v1): a8d54bbb3825cfb94fa13c9f8a594a195c107b8d'
Jan 15 10:02:46 EliteBook-8-G1i kernel: Loaded X.509 cert 'Canonical Ltd. Secure Boot Signing (2021 v2): 4cf046892d6fd3c9a5b03f98d845f90851dc6a8c'
Jan 15 10:02:46 EliteBook-8-G1i kernel: Loaded X.509 cert 'Canonical Ltd. Secure Boot Signing (2021 v3): 100437bb6de6e469b581e61cd66bce3ef4ed53af'
Jan 15 10:02:46 EliteBook-8-G1i kernel: Loaded X.509 cert 'Canonical Ltd. Secure Boot Signing (Ubuntu Core 2019): c1d57b8f6b743f23ee41f4f7ee292f06eecadfb9'
Jan 15 10:02:46 EliteBook-8-G1i kernel: Demotion targets for Node 0: null
Jan 15 10:02:46 EliteBook-8-G1i kernel: Key type .fscrypt registered
Jan 15 10:02:46 EliteBook-8-G1i kernel: Key type fscrypt-provisioning registered
Jan 15 10:02:46 EliteBook-8-G1i kernel: Key type big_key registered
Jan 15 10:02:46 EliteBook-8-G1i kernel: Key type trusted registered
Jan 15 10:02:46 EliteBook-8-G1i kernel: input: AT Translated Set 2 keyboard as /devices/platform/i8042/serio0/input/input2
Jan 15 10:02:46 EliteBook-8-G1i kernel: Key type encrypted registered
Jan 15 10:02:46 EliteBook-8-G1i kernel: AppArmor: AppArmor sha256 policy hashing enabled
Jan 15 10:02:46 EliteBook-8-G1i kernel: integrity: Loading X.509 certificate: UEFI:db
Jan 15 10:02:46 EliteBook-8-G1i kernel: integrity: Loaded X.509 cert 'HP Inc.: HP UEFI Secure Boot DB 2017: d9c01b50cfcae89d3b05345c163aa76e5dd589e7'
Jan 15 10:02:46 EliteBook-8-G1i kernel: integrity: Loading X.509 certificate: UEFI:db
Jan 15 10:02:46 EliteBook-8-G1i kernel: integrity: Loaded X.509 cert 'HP Inc.: HP UEFI Secure Boot DB 2024: 9031be8bd10636d7ed703b1ec5807354b05cd8ee'
Jan 15 10:02:46 EliteBook-8-G1i kernel: integrity: Loading X.509 certificate: UEFI:db
Jan 15 10:02:46 EliteBook-8-G1i kernel: integrity: Loaded X.509 cert 'Microsoft Corporation: Windows UEFI CA 2023: aefc5fbbbe055d8f8daa585473499417ab5a5272'
Jan 15 10:02:46 EliteBook-8-G1i kernel: integrity: Loading X.509 certificate: UEFI:db
Jan 15 10:02:46 EliteBook-8-G1i kernel: integrity: Loaded X.509 cert 'Microsoft Windows Production PCA 2011: a92902398e16c49778cd90f99e4f9ae17c55af53'
Jan 15 10:02:46 EliteBook-8-G1i kernel: Loading compiled-in module X.509 certificates
Jan 15 10:02:46 EliteBook-8-G1i kernel: Loaded X.509 cert 'Build time autogenerated kernel key: 5946a33a6087fe4ed8a52efa3dc9d226fc5867d5'
Jan 15 10:02:46 EliteBook-8-G1i kernel: ima: Allocated hash algorithm: sha256
Jan 15 10:02:46 EliteBook-8-G1i kernel: ima: No architecture policies found
Jan 15 10:02:46 EliteBook-8-G1i kernel: evm: Initialising EVM extended attributes:
Jan 15 10:02:46 EliteBook-8-G1i kernel: evm: security.selinux
Jan 15 10:02:46 EliteBook-8-G1i kernel: evm: security.SMACK64
Jan 15 10:02:46 EliteBook-8-G1i kernel: evm: security.SMACK64EXEC
Jan 15 10:02:46 EliteBook-8-G1i kernel: evm: security.SMACK64TRANSMUTE
Jan 15 10:02:46 EliteBook-8-G1i kernel: evm: security.SMACK64MMAP
Jan 15 10:02:46 EliteBook-8-G1i kernel: evm: security.apparmor
Jan 15 10:02:46 EliteBook-8-G1i kernel: evm: security.ima
Jan 15 10:02:46 EliteBook-8-G1i kernel: evm: security.capability
Jan 15 10:02:46 EliteBook-8-G1i kernel: evm: HMAC attrs: 0x1
Jan 15 10:02:46 EliteBook-8-G1i kernel: PM:   Magic number: 10:965:38
Jan 15 10:02:46 EliteBook-8-G1i kernel: bdi 7:3: hash matches
Jan 15 10:02:46 EliteBook-8-G1i kernel: memory memory207: hash matches
Jan 15 10:02:46 EliteBook-8-G1i kernel: memory memory74: hash matches
Jan 15 10:02:46 EliteBook-8-G1i kernel: RAS: Correctable Errors collector initialized.
Jan 15 10:02:46 EliteBook-8-G1i kernel: clk: Disabling unused clocks
Jan 15 10:02:46 EliteBook-8-G1i kernel: PM: genpd: Disabling unused power domains
Jan 15 10:02:46 EliteBook-8-G1i kernel: Freeing unused decrypted memory: 2028K
Jan 15 10:02:46 EliteBook-8-G1i kernel: Freeing unused kernel image (initmem) memory: 5240K
Jan 15 10:02:46 EliteBook-8-G1i kernel: Write protecting the kernel read-only data: 38912k
Jan 15 10:02:46 EliteBook-8-G1i kernel: Freeing unused kernel image (text/rodata gap) memory: 496K
Jan 15 10:02:46 EliteBook-8-G1i kernel: Freeing unused kernel image (rodata/data gap) memory: 972K
Jan 15 10:02:46 EliteBook-8-G1i kernel: x86/mm: Checked W+X mappings: passed, no W+X pages found.
Jan 15 10:02:46 EliteBook-8-G1i kernel: Run /init as init process
Jan 15 10:02:46 EliteBook-8-G1i kernel:   with arguments:
Jan 15 10:02:46 EliteBook-8-G1i kernel:     /init
Jan 15 10:02:46 EliteBook-8-G1i kernel:     splash
Jan 15 10:02:46 EliteBook-8-G1i kernel:   with environment:
Jan 15 10:02:46 EliteBook-8-G1i kernel:     HOME=/
Jan 15 10:02:46 EliteBook-8-G1i kernel:     TERM=linux
Jan 15 10:02:46 EliteBook-8-G1i kernel:     BOOT_IMAGE=/boot/vmlinuz-6.17.0-1009-oem
Jan 15 10:02:46 EliteBook-8-G1i kernel: hid: raw HID events driver (C) Jiri Kosina
Jan 15 10:02:46 EliteBook-8-G1i kernel: wmi_bus wmi_bus-PNP0C14:00: [Firmware Info]: DF4E63B6-3BBC-4858-9737-C74F82F821F3 has zero instances
Jan 15 10:02:46 EliteBook-8-G1i kernel: wmi_bus wmi_bus-PNP0C14:00: [Firmware Info]: 8F1F6436-9F42-42C8-BADC-0E9424F20C9A has zero instances
Jan 15 10:02:46 EliteBook-8-G1i kernel: intel-lpss 0000:00:15.0: enabling device (0000 -> 0002)
Jan 15 10:02:46 EliteBook-8-G1i kernel: idma64 idma64.0: Found Intel integrated DMA 64-bit
Jan 15 10:02:46 EliteBook-8-G1i kernel: ACPI: bus type thunderbolt registered
Jan 15 10:02:46 EliteBook-8-G1i kernel: intel-lpss 0000:00:15.2: enabling device (0000 -> 0002)
Jan 15 10:02:46 EliteBook-8-G1i kernel: idma64 idma64.1: Found Intel integrated DMA 64-bit
Jan 15 10:02:46 EliteBook-8-G1i kernel: intel-lpss 0000:00:1e.0: enabling device (0000 -> 0002)
Jan 15 10:02:46 EliteBook-8-G1i kernel: idma64 idma64.2: Found Intel integrated DMA 64-bit
Jan 15 10:02:46 EliteBook-8-G1i kernel: intel-lpss 0000:00:1e.2: enabling device (0000 -> 0002)
Jan 15 10:02:46 EliteBook-8-G1i kernel: idma64 idma64.3: Found Intel integrated DMA 64-bit
Jan 15 10:02:46 EliteBook-8-G1i kernel: usb 3-4: new high-speed USB device number 2 using xhci_hcd
Jan 15 10:02:46 EliteBook-8-G1i kernel: Key type psk registered
Jan 15 10:02:46 EliteBook-8-G1i kernel: input: SYNA312F:00 06CB:CFE1 Mouse as /devices/pci0000:00/0000:00:15.0/i2c_designware.0/i2c-0/i2c-SYNA312F:00/0018:06CB:CFE1.0001/input/input3
Jan 15 10:02:46 EliteBook-8-G1i kernel: input: SYNA312F:00 06CB:CFE1 Touchpad as /devices/pci0000:00/0000:00:15.0/i2c_designware.0/i2c-0/i2c-SYNA312F:00/0018:06CB:CFE1.0001/input/input4
Jan 15 10:02:46 EliteBook-8-G1i kernel: hid-generic 0018:06CB:CFE1.0001: input,hidraw0: I2C HID v1.00 Mouse [SYNA312F:00 06CB:CFE1] on i2c-SYNA312F:00
Jan 15 10:02:46 EliteBook-8-G1i kernel: nvme 0000:55:00.0: platform quirk: setting simple suspend
Jan 15 10:02:46 EliteBook-8-G1i kernel: nvme nvme0: pci function 0000:55:00.0
Jan 15 10:02:46 EliteBook-8-G1i kernel: dw-apb-uart.2: ttyS4 at MMIO 0x3013334000 (irq = 16, base_baud = 6250000) is a 16550A
Jan 15 10:02:46 EliteBook-8-G1i kernel: nvme nvme0: 8/0/0 default/read/poll queues
Jan 15 10:02:46 EliteBook-8-G1i kernel:  nvme0n1: p1 p2 p4 p5
Jan 15 10:02:46 EliteBook-8-G1i kernel: usb 3-4: New USB device found, idVendor=30c9, idProduct=00e6, bcdDevice= 0.10
Jan 15 10:02:46 EliteBook-8-G1i kernel: usb 3-4: New USB device strings: Mfr=3, Product=1, SerialNumber=2
Jan 15 10:02:46 EliteBook-8-G1i kernel: usb 3-4: Product: HP 5MP Camera
Jan 15 10:02:46 EliteBook-8-G1i kernel: usb 3-4: Manufacturer: DTSUD0A8PLCPNN
Jan 15 10:02:46 EliteBook-8-G1i kernel: usb 3-4: SerialNumber: 200901010001
Jan 15 10:02:46 EliteBook-8-G1i kernel: input: SYNA312F:00 06CB:CFE1 Mouse as /devices/pci0000:00/0000:00:15.0/i2c_designware.0/i2c-0/i2c-SYNA312F:00/0018:06CB:CFE1.0001/input/input6
Jan 15 10:02:46 EliteBook-8-G1i kernel: input: SYNA312F:00 06CB:CFE1 Touchpad as /devices/pci0000:00/0000:00:15.0/i2c_designware.0/i2c-0/i2c-SYNA312F:00/0018:06CB:CFE1.0001/input/input7
Jan 15 10:02:46 EliteBook-8-G1i kernel: hid-multitouch 0018:06CB:CFE1.0001: input,hidraw0: I2C HID v1.00 Mouse [SYNA312F:00 06CB:CFE1] on i2c-SYNA312F:00
Jan 15 10:02:46 EliteBook-8-G1i kernel: usb 3-5: new high-speed USB device number 3 using xhci_hcd
Jan 15 10:02:46 EliteBook-8-G1i kernel: usb 3-5: New USB device found, idVendor=05e3, idProduct=0610, bcdDevice=88.21
Jan 15 10:02:46 EliteBook-8-G1i kernel: usb 3-5: New USB device strings: Mfr=0, Product=1, SerialNumber=0
Jan 15 10:02:46 EliteBook-8-G1i kernel: usb 3-5: Product: USB2.0 Hub
Jan 15 10:02:46 EliteBook-8-G1i kernel: hub 3-5:1.0: USB hub found
Jan 15 10:02:46 EliteBook-8-G1i kernel: hub 3-5:1.0: 3 ports detected
Jan 15 10:02:46 EliteBook-8-G1i kernel: usb 3-6: new full-speed USB device number 4 using xhci_hcd
Jan 15 10:02:46 EliteBook-8-G1i kernel: usb 3-6: New USB device found, idVendor=046d, idProduct=c53f, bcdDevice=55.01
Jan 15 10:02:46 EliteBook-8-G1i kernel: usb 3-6: New USB device strings: Mfr=1, Product=2, SerialNumber=0
Jan 15 10:02:46 EliteBook-8-G1i kernel: usb 3-6: Product: USB Receiver
Jan 15 10:02:46 EliteBook-8-G1i kernel: usb 3-6: Manufacturer: Logitech
Jan 15 10:02:46 EliteBook-8-G1i kernel: hid-generic 0003:30C9:00E6.0002: hiddev0,hidraw1: USB HID v1.11 Device [DTSUD0A8PLCPNN HP 5MP Camera] on usb-0000:00:14.0-4/input4
Jan 15 10:02:46 EliteBook-8-G1i kernel: input: Logitech USB Receiver as /devices/pci0000:00/0000:00:14.0/usb3/3-6/3-6:1.0/0003:046D:C53F.0003/input/input9
Jan 15 10:02:46 EliteBook-8-G1i kernel: intel_ish_ipc 0000:00:12.0: ISH loader: load firmware: intel/ish/ish_lnlm.bin
Jan 15 10:02:46 EliteBook-8-G1i kernel: intel_ish_ipc 0000:00:12.0: ISH loader: cmd 2 failed 10
Jan 15 10:02:46 EliteBook-8-G1i kernel: intel_ish_ipc 0000:00:12.0: ISH loader: cmd 2 failed 10
Jan 15 10:02:46 EliteBook-8-G1i kernel: intel_ish_ipc 0000:00:12.0: ISH loader: cmd 2 failed 10
Jan 15 10:02:46 EliteBook-8-G1i kernel: usb 3-5.1: new full-speed USB device number 5 using xhci_hcd
Jan 15 10:02:46 EliteBook-8-G1i kernel: hid-generic 0003:046D:C53F.0003: input,hidraw2: USB HID v1.11 Keyboard [Logitech USB Receiver] on usb-0000:00:14.0-6/input0
Jan 15 10:02:46 EliteBook-8-G1i kernel: input: Logitech USB Receiver Mouse as /devices/pci0000:00/0000:00:14.0/usb3/3-6/3-6:1.1/0003:046D:C53F.0004/input/input10
Jan 15 10:02:46 EliteBook-8-G1i kernel: input: Logitech USB Receiver Consumer Control as /devices/pci0000:00/0000:00:14.0/usb3/3-6/3-6:1.1/0003:046D:C53F.0004/input/input11
Jan 15 10:02:46 EliteBook-8-G1i kernel: input: Logitech USB Receiver System Control as /devices/pci0000:00/0000:00:14.0/usb3/3-6/3-6:1.1/0003:046D:C53F.0004/input/input12
Jan 15 10:02:46 EliteBook-8-G1i kernel: hid-generic 0003:046D:C53F.0004: input,hiddev1,hidraw3: USB HID v1.11 Mouse [Logitech USB Receiver] on usb-0000:00:14.0-6/input1
Jan 15 10:02:46 EliteBook-8-G1i kernel: hid-generic 0003:046D:C53F.0005: hiddev2,hidraw4: USB HID v1.11 Device [Logitech USB Receiver] on usb-0000:00:14.0-6/input2
Jan 15 10:02:46 EliteBook-8-G1i kernel: usbcore: registered new interface driver usbhid
Jan 15 10:02:46 EliteBook-8-G1i kernel: usbhid: USB HID core driver
Jan 15 10:02:46 EliteBook-8-G1i kernel: hid-sensor-hub 0003:30C9:00E6.0002: hiddev0,hidraw1: USB HID v1.11 Device [DTSUD0A8PLCPNN HP 5MP Camera] on usb-0000:00:14.0-4/input4
Jan 15 10:02:46 EliteBook-8-G1i kernel: usb 3-5.1: New USB device found, idVendor=06cb, idProduct=0106, bcdDevice= 0.00
Jan 15 10:02:46 EliteBook-8-G1i kernel: usb 3-5.1: New USB device strings: Mfr=0, Product=0, SerialNumber=1
Jan 15 10:02:46 EliteBook-8-G1i kernel: usb 3-5.1: SerialNumber: c62ae6d0dab2
Jan 15 10:02:46 EliteBook-8-G1i kernel: logitech-djreceiver 0003:046D:C53F.0003: hidraw2: USB HID v1.11 Keyboard [Logitech USB Receiver] on usb-0000:00:14.0-6/input0
Jan 15 10:02:46 EliteBook-8-G1i kernel: logitech-djreceiver 0003:046D:C53F.0005: hiddev2,hidraw4: USB HID v1.11 Device [Logitech USB Receiver] on usb-0000:00:14.0-6/input2
Jan 15 10:02:46 EliteBook-8-G1i kernel: logitech-djreceiver 0003:046D:C53F.0004: hiddev1,hidraw3: USB HID v1.11 Mouse [Logitech USB Receiver] on usb-0000:00:14.0-6/input1
Jan 15 10:02:46 EliteBook-8-G1i kernel: logitech-djreceiver 0003:046D:C53F.0005: device of type eQUAD Lightspeed 1.1 (0x0d) connected on slot 1
Jan 15 10:02:46 EliteBook-8-G1i kernel: input: Logitech Wireless Mouse PID:4074 Keyboard as /devices/pci0000:00/0000:00:14.0/usb3/3-6/3-6:1.2/0003:046D:C53F.0005/0003:046D:4074.0006/input/input14
Jan 15 10:02:46 EliteBook-8-G1i kernel: input: Logitech Wireless Mouse PID:4074 Mouse as /devices/pci0000:00/0000:00:14.0/usb3/3-6/3-6:1.2/0003:046D:C53F.0005/0003:046D:4074.0006/input/input15
Jan 15 10:02:46 EliteBook-8-G1i kernel: hid-generic 0003:046D:4074.0006: input,hidraw5: USB HID v1.11 Keyboard [Logitech Wireless Mouse PID:4074] on usb-0000:00:14.0-6/input2:1
Jan 15 10:02:46 EliteBook-8-G1i kernel: input: Logitech G305 as /devices/pci0000:00/0000:00:14.0/usb3/3-6/3-6:1.2/0003:046D:C53F.0005/0003:046D:4074.0006/input/input19
Jan 15 10:02:46 EliteBook-8-G1i kernel: logitech-hidpp-device 0003:046D:4074.0006: input,hidraw5: USB HID v1.11 Keyboard [Logitech G305] on usb-0000:00:14.0-6/input2:1
Jan 15 10:02:46 EliteBook-8-G1i kernel: logitech-hidpp-device 0003:046D:4074.0006: hidpp_root_get_protocol_version: received protocol error 0x08
Jan 15 10:02:46 EliteBook-8-G1i kernel: raid6: avx2x4   gen() 81873 MB/s
Jan 15 10:02:46 EliteBook-8-G1i kernel: raid6: avx2x2   gen() 90032 MB/s
Jan 15 10:02:46 EliteBook-8-G1i kernel: raid6: avx2x1   gen() 75244 MB/s
Jan 15 10:02:46 EliteBook-8-G1i kernel: raid6: using algorithm avx2x2 gen() 90032 MB/s
Jan 15 10:02:46 EliteBook-8-G1i kernel: raid6: .... xor() 56927 MB/s, rmw enabled
Jan 15 10:02:46 EliteBook-8-G1i kernel: raid6: using avx2x2 recovery algorithm
Jan 15 10:02:46 EliteBook-8-G1i kernel: xor: automatically using best checksumming function   avx       
Jan 15 10:02:46 EliteBook-8-G1i kernel: async_tx: api initialized (async)
Jan 15 10:02:46 EliteBook-8-G1i kernel: Btrfs loaded, zoned=yes, fsverity=yes
Jan 15 10:02:46 EliteBook-8-G1i kernel: EXT4-fs (nvme0n1p4): mounted filesystem e5aa0206-39b5-4455-be2c-dd9a2189b815 ro with ordered data mode. Quota mode: none.
Jan 15 10:02:46 EliteBook-8-G1i systemd[1]: Inserted module 'autofs4'
Jan 15 10:02:46 EliteBook-8-G1i systemd[1]: systemd 255.4-1ubuntu8.12 running in system mode (+PAM +AUDIT +SELINUX +APPARMOR +IMA +SMACK +SECCOMP +GCRYPT -GNUTLS +OPENSSL +ACL +BLKID +CURL +ELFUTILS +FIDO2 +IDN2 -IDN +IPTC +KMOD +LIBCRYPTSETUP +LIBFDISK +PCRE2 -PWQUALITY +P11KIT +QRENCODE +TPM2 +BZIP2 +LZ4 +XZ +ZLIB +ZSTD -BPF_FRAMEWORK -XKBCOMMON +UTMP +SYSVINIT default-hierarchy=unified)
Jan 15 10:02:46 EliteBook-8-G1i systemd[1]: Detected architecture x86-64.
Jan 15 10:02:46 EliteBook-8-G1i systemd[1]: Hostname set to <EliteBook-8-G1i>.
Jan 15 10:02:46 EliteBook-8-G1i systemd[1]: Queued start job for default target graphical.target.
Jan 15 10:02:46 EliteBook-8-G1i systemd[1]: Created slice system-modprobe.slice - Slice /system/modprobe.
Jan 15 10:02:46 EliteBook-8-G1i systemd[1]: Created slice system-systemd\x2dfsck.slice - Slice /system/systemd-fsck.
Jan 15 10:02:46 EliteBook-8-G1i systemd[1]: Created slice user.slice - User and Session Slice.
Jan 15 10:02:46 EliteBook-8-G1i systemd[1]: Started systemd-ask-password-wall.path - Forward Password Requests to Wall Directory Watch.
Jan 15 10:02:46 EliteBook-8-G1i systemd[1]: Set up automount proc-sys-fs-binfmt_misc.automount - Arbitrary Executable File Formats File System Automount Point.
Jan 15 10:02:46 EliteBook-8-G1i systemd[1]: Expecting device dev-disk-by\x2duuid-15A0\x2d0E4D.device - /dev/disk/by-uuid/15A0-0E4D...
Jan 15 10:02:46 EliteBook-8-G1i systemd[1]: Expecting device dev-disk-by\x2duuid-15b8adb2\x2d18b6\x2d4e73\x2da59a\x2ddccb5ea8c958.device - /dev/disk/by-uuid/15b8adb2-18b6-4e73-a59a-dccb5ea8c958...
Jan 15 10:02:46 EliteBook-8-G1i systemd[1]: Reached target integritysetup.target - Local Integrity Protected Volumes.
Jan 15 10:02:46 EliteBook-8-G1i systemd[1]: Reached target nss-user-lookup.target - User and Group Name Lookups.
Jan 15 10:02:46 EliteBook-8-G1i systemd[1]: Reached target remote-fs.target - Remote File Systems.
Jan 15 10:02:46 EliteBook-8-G1i systemd[1]: Reached target slices.target - Slice Units.
Jan 15 10:02:46 EliteBook-8-G1i systemd[1]: Reached target snapd.mounts-pre.target - Mounting snaps.
Jan 15 10:02:46 EliteBook-8-G1i systemd[1]: Reached target snapd.mounts.target - Mounted snaps.
Jan 15 10:02:46 EliteBook-8-G1i systemd[1]: Reached target swap.target - Swaps.
Jan 15 10:02:46 EliteBook-8-G1i systemd[1]: Reached target veritysetup.target - Local Verity Protected Volumes.
Jan 15 10:02:46 EliteBook-8-G1i systemd[1]: Listening on dm-event.socket - Device-mapper event daemon FIFOs.
Jan 15 10:02:46 EliteBook-8-G1i systemd[1]: Listening on lvm2-lvmpolld.socket - LVM2 poll daemon socket.
Jan 15 10:02:46 EliteBook-8-G1i systemd[1]: Listening on syslog.socket - Syslog Socket.
Jan 15 10:02:46 EliteBook-8-G1i systemd[1]: Listening on systemd-coredump.socket - Process Core Dump Socket.
Jan 15 10:02:46 EliteBook-8-G1i systemd[1]: Listening on systemd-fsckd.socket - fsck to fsckd communication Socket.
Jan 15 10:02:46 EliteBook-8-G1i systemd[1]: Listening on systemd-initctl.socket - initctl Compatibility Named Pipe.
Jan 15 10:02:46 EliteBook-8-G1i systemd[1]: Listening on systemd-journald-dev-log.socket - Journal Socket (/dev/log).
Jan 15 10:02:46 EliteBook-8-G1i systemd[1]: Listening on systemd-journald.socket - Journal Socket.
Jan 15 10:02:46 EliteBook-8-G1i systemd[1]: systemd-pcrextend.socket - TPM2 PCR Extension (Varlink) was skipped because of an unmet condition check (ConditionSecurity=measured-uki).
Jan 15 10:02:46 EliteBook-8-G1i systemd[1]: Listening on systemd-udevd-control.socket - udev Control Socket.
Jan 15 10:02:46 EliteBook-8-G1i systemd[1]: Listening on systemd-udevd-kernel.socket - udev Kernel Socket.
Jan 15 10:02:46 EliteBook-8-G1i systemd[1]: Mounting dev-hugepages.mount - Huge Pages File System...
Jan 15 10:02:46 EliteBook-8-G1i systemd[1]: Mounting dev-mqueue.mount - POSIX Message Queue File System...
Jan 15 10:02:46 EliteBook-8-G1i systemd[1]: Mounting sys-kernel-debug.mount - Kernel Debug File System...
Jan 15 10:02:46 EliteBook-8-G1i systemd[1]: Mounting sys-kernel-tracing.mount - Kernel Trace File System...
Jan 15 10:02:46 EliteBook-8-G1i systemd[1]: Starting systemd-journald.service - Journal Service...
Jan 15 10:02:46 EliteBook-8-G1i systemd[1]: Finished blk-availability.service - Availability of block devices.
Jan 15 10:02:46 EliteBook-8-G1i systemd[1]: Starting keyboard-setup.service - Set the console keyboard layout...
Jan 15 10:02:46 EliteBook-8-G1i systemd[1]: Starting kmod-static-nodes.service - Create List of Static Device Nodes...
Jan 15 10:02:46 EliteBook-8-G1i systemd[1]: Starting lvm2-monitor.service - Monitoring of LVM2 mirrors, snapshots etc. using dmeventd or progress polling...
Jan 15 10:02:46 EliteBook-8-G1i systemd[1]: Starting modprobe@configfs.service - Load Kernel Module configfs...
Jan 15 10:02:46 EliteBook-8-G1i systemd[1]: Starting modprobe@dm_mod.service - Load Kernel Module dm_mod...
Jan 15 10:02:46 EliteBook-8-G1i systemd[1]: Starting modprobe@drm.service - Load Kernel Module drm...
Jan 15 10:02:46 EliteBook-8-G1i systemd[1]: Starting modprobe@efi_pstore.service - Load Kernel Module efi_pstore...
Jan 15 10:02:46 EliteBook-8-G1i systemd[1]: Starting modprobe@fuse.service - Load Kernel Module fuse...
Jan 15 10:02:46 EliteBook-8-G1i systemd[1]: Starting modprobe@loop.service - Load Kernel Module loop...
Jan 15 10:02:46 EliteBook-8-G1i systemd[1]: systemd-fsck-root.service - File System Check on Root Device was skipped because of an unmet condition check (ConditionPathExists=!/run/initramfs/fsck-root).
Jan 15 10:02:46 EliteBook-8-G1i systemd[1]: Starting systemd-modules-load.service - Load Kernel Modules...
Jan 15 10:02:46 EliteBook-8-G1i systemd[1]: systemd-pcrmachine.service - TPM2 PCR Machine ID Measurement was skipped because of an unmet condition check (ConditionSecurity=measured-uki).
Jan 15 10:02:46 EliteBook-8-G1i systemd-journald[341]: Collecting audit messages is disabled.
Jan 15 10:02:46 EliteBook-8-G1i systemd[1]: Starting systemd-remount-fs.service - Remount Root and Kernel File Systems...
Jan 15 10:02:46 EliteBook-8-G1i systemd[1]: systemd-tpm2-setup-early.service - TPM2 SRK Setup (Early) was skipped because of an unmet condition check (ConditionSecurity=measured-uki).
Jan 15 10:02:46 EliteBook-8-G1i systemd[1]: Starting systemd-udev-trigger.service - Coldplug All udev Devices...
Jan 15 10:02:46 EliteBook-8-G1i kernel: pstore: Using crash dump compression: deflate
Jan 15 10:02:46 EliteBook-8-G1i systemd[1]: Mounted dev-hugepages.mount - Huge Pages File System.
Jan 15 10:02:46 EliteBook-8-G1i systemd[1]: Mounted dev-mqueue.mount - POSIX Message Queue File System.
Jan 15 10:02:46 EliteBook-8-G1i systemd[1]: Mounted sys-kernel-debug.mount - Kernel Debug File System.
Jan 15 10:02:46 EliteBook-8-G1i systemd[1]: Mounted sys-kernel-tracing.mount - Kernel Trace File System.
Jan 15 10:02:46 EliteBook-8-G1i systemd[1]: Finished kmod-static-nodes.service - Create List of Static Device Nodes.
Jan 15 10:02:46 EliteBook-8-G1i systemd[1]: modprobe@configfs.service: Deactivated successfully.
Jan 15 10:02:46 EliteBook-8-G1i systemd[1]: Finished modprobe@configfs.service - Load Kernel Module configfs.
Jan 15 10:02:46 EliteBook-8-G1i systemd[1]: modprobe@dm_mod.service: Deactivated successfully.
Jan 15 10:02:46 EliteBook-8-G1i systemd[1]: Finished modprobe@dm_mod.service - Load Kernel Module dm_mod.
Jan 15 10:02:46 EliteBook-8-G1i systemd[1]: modprobe@drm.service: Deactivated successfully.
Jan 15 10:02:46 EliteBook-8-G1i systemd[1]: Finished modprobe@drm.service - Load Kernel Module drm.
Jan 15 10:02:46 EliteBook-8-G1i systemd[1]: modprobe@fuse.service: Deactivated successfully.
Jan 15 10:02:46 EliteBook-8-G1i systemd[1]: Finished modprobe@fuse.service - Load Kernel Module fuse.
Jan 15 10:02:46 EliteBook-8-G1i systemd[1]: modprobe@loop.service: Deactivated successfully.
Jan 15 10:02:46 EliteBook-8-G1i systemd[1]: Finished modprobe@loop.service - Load Kernel Module loop.
Jan 15 10:02:46 EliteBook-8-G1i kernel: pstore: Registered efi_pstore as persistent store backend
Jan 15 10:02:46 EliteBook-8-G1i systemd[1]: Mounting sys-fs-fuse-connections.mount - FUSE Control File System...
Jan 15 10:02:46 EliteBook-8-G1i systemd[1]: Mounting sys-kernel-config.mount - Kernel Configuration File System...
Jan 15 10:02:46 EliteBook-8-G1i systemd[1]: systemd-repart.service - Repartition Root Disk was skipped because no trigger condition checks were met.
Jan 15 10:02:46 EliteBook-8-G1i systemd[1]: Starting systemd-tmpfiles-setup-dev-early.service - Create Static Device Nodes in /dev gracefully...
Jan 15 10:02:46 EliteBook-8-G1i systemd[1]: modprobe@efi_pstore.service: Deactivated successfully.
Jan 15 10:02:46 EliteBook-8-G1i systemd[1]: Finished modprobe@efi_pstore.service - Load Kernel Module efi_pstore.
Jan 15 10:02:46 EliteBook-8-G1i systemd[1]: Mounted sys-fs-fuse-connections.mount - FUSE Control File System.
Jan 15 10:02:46 EliteBook-8-G1i kernel: lp: driver loaded but no devices found
Jan 15 10:02:46 EliteBook-8-G1i kernel: ppdev: user-space parallel port driver
Jan 15 10:02:46 EliteBook-8-G1i systemd[1]: Mounted sys-kernel-config.mount - Kernel Configuration File System.
Jan 15 10:02:46 EliteBook-8-G1i kernel: EXT4-fs (nvme0n1p4): re-mounted e5aa0206-39b5-4455-be2c-dd9a2189b815 r/w.
Jan 15 10:02:46 EliteBook-8-G1i systemd[1]: Finished systemd-remount-fs.service - Remount Root and Kernel File Systems.
Jan 15 10:02:46 EliteBook-8-G1i systemd[1]: systemd-hwdb-update.service - Rebuild Hardware Database was skipped because of an unmet condition check (ConditionNeedsUpdate=/etc).
Jan 15 10:02:46 EliteBook-8-G1i systemd[1]: systemd-pstore.service - Platform Persistent Storage Archival was skipped because of an unmet condition check (ConditionDirectoryNotEmpty=/sys/fs/pstore).
Jan 15 10:02:46 EliteBook-8-G1i systemd[1]: Starting systemd-random-seed.service - Load/Save OS Random Seed...
Jan 15 10:02:46 EliteBook-8-G1i systemd[1]: systemd-tpm2-setup.service - TPM2 SRK Setup was skipped because of an unmet condition check (ConditionSecurity=measured-uki).
Jan 15 10:02:46 EliteBook-8-G1i systemd[1]: Finished systemd-tmpfiles-setup-dev-early.service - Create Static Device Nodes in /dev gracefully.
Jan 15 10:02:46 EliteBook-8-G1i systemd[1]: systemd-sysusers.service - Create System Users was skipped because no trigger condition checks were met.
Jan 15 10:02:46 EliteBook-8-G1i systemd[1]: Starting systemd-tmpfiles-setup-dev.service - Create Static Device Nodes in /dev...
Jan 15 10:02:46 EliteBook-8-G1i systemd[1]: Finished keyboard-setup.service - Set the console keyboard layout.
Jan 15 10:02:46 EliteBook-8-G1i systemd[1]: Finished systemd-modules-load.service - Load Kernel Modules.
Jan 15 10:02:46 EliteBook-8-G1i systemd-journald[341]: Journal started
Jan 15 10:02:46 EliteBook-8-G1i systemd-journald[341]: Runtime Journal (/run/log/journal/676c3afc9b864e338c4d8b58edd26fc3) is 8.0M, max 315.7M, 307.7M free.
Jan 15 10:02:46 EliteBook-8-G1i systemd-modules-load[356]: Inserted module 'lp'
Jan 15 10:02:46 EliteBook-8-G1i systemd-modules-load[356]: Inserted module 'ppdev'
Jan 15 10:02:46 EliteBook-8-G1i systemd-modules-load[356]: Inserted module 'parport_pc'
Jan 15 10:02:46 EliteBook-8-G1i systemd-modules-load[356]: Module 'ecryptfs' is built in
Jan 15 10:02:46 EliteBook-8-G1i systemd-modules-load[356]: Inserted module 'msr'
Jan 15 10:02:46 EliteBook-8-G1i systemd[1]: Starting systemd-sysctl.service - Apply Kernel Variables...
Jan 15 10:02:46 EliteBook-8-G1i systemd[1]: Started systemd-journald.service - Journal Service.
Jan 15 10:02:46 EliteBook-8-G1i systemd[1]: Finished systemd-tmpfiles-setup-dev.service - Create Static Device Nodes in /dev.
Jan 15 10:02:46 EliteBook-8-G1i systemd[1]: Starting systemd-journal-flush.service - Flush Journal to Persistent Storage...
Jan 15 10:02:46 EliteBook-8-G1i systemd[1]: Starting systemd-udevd.service - Rule-based Manager for Device Events and Files...
Jan 15 10:02:46 EliteBook-8-G1i systemd[1]: Finished lvm2-monitor.service - Monitoring of LVM2 mirrors, snapshots etc. using dmeventd or progress polling.
